Archive member included to satisfy reference by file (symbol)

bootloader/commonboot/libc/libcommon_boot_libc.a(memset.c.obj)
                              (--whole-archive)
bootloader/commonboot/libc/libcommon_boot_libc.a(memcpy.c.obj)
                              (--whole-archive)
bootloader/commonboot/libc/libcommon_boot_libc.a(memcmp.c.obj)
                              (--whole-archive)
bootloader/commonboot/libc/libcommon_boot_libc.a(strcmp.c.obj)
                              (--whole-archive)
bootloader/commonboot/libc/libcommon_boot_libc.a(strlen.c.obj)
                              (--whole-archive)
bootloader/commonboot/libc/libcommon_boot_libc.a(memmove.c.obj)
                              (--whole-archive)
bootloader/commonboot/libcommon_boot.a(boot_reset.c.obj)
                              (--whole-archive)
bootloader/commonboot/libcommon_boot.a(boot_flash.c.obj)
                              (--whole-archive)
bootloader/commonboot/libcommon_boot.a(boot_debug.c.obj)
                              (--whole-archive)
bootloader/commonboot/libcommon_boot.a(boot_jump.c.obj)
                              (--whole-archive)
bootloader/flashboot_ws63/libflashboot_common.a(main.c.obj)
                              (--whole-archive)
bootloader/flashboot_ws63/libflashboot_common.a(riscv_init.S.obj)
                              (--whole-archive)
bootloader/flashboot_ws63/libflashboot_common.a(secure_verify_boot.c.obj)
                              (--whole-archive)
kernel/non_os/non_os/libnon_os.a(non_os_utils.c.obj)
                              (--whole-archive)
kernel/non_os/non_os/libnon_os.a(non_os_nmi.c.obj)
                              (--whole-archive)
kernel/non_os/malloc/libnonos_malloc.a(malloc.c.obj)
                              (--whole-archive)
kernel/osal/libosal.a(osal_atomic.c.obj)
                              (--whole-archive)
kernel/osal/libosal.a(osal_debug.c.obj)
                              (--whole-archive)
kernel/osal/libosal.a(osal_interrupt.c.obj)
                              (--whole-archive)
kernel/osal/libosal.a(osal_mutex.c.obj)
                              (--whole-archive)
kernel/osal/libosal.a(osal_semaphore.c.obj)
                              (--whole-archive)
kernel/osal/libosal.a(osal_spinlock.c.obj)
                              (--whole-archive)
kernel/osal/libosal.a(osal_wait.c.obj)
                              (--whole-archive)
kernel/osal/libosal.a(osal_task.c.obj)
                              (--whole-archive)
driver/pinmux/libpinctrl.a(pinctrl.c.obj)
                              (--whole-archive)
driver/pmp/libpmp.a(pmp.c.obj)
                              (--whole-archive)
driver/security_unified/libdrv_security_unified.a(hash_romable.c.obj)
                              (--whole-archive)
driver/security_unified/libdrv_security_unified.a(drv_flashboot_cipher.c.obj)
                              (--whole-archive)
driver/security_unified/libdrv_security_unified.a(drv_flashboot_symc.c.obj)
                              (--whole-archive)
driver/security_unified/libdrv_security_unified.a(crypto_drv_common.c.obj)
                              (--whole-archive)
driver/security_unified/libdrv_security_unified.a(drv_keyslot.c.obj)
                              (--whole-archive)
driver/security_unified/libdrv_security_unified.a(drv_klad.c.obj)
                              (--whole-archive)
driver/security_unified/libdrv_security_unified.a(drv_fapc.c.obj)
                              (--whole-archive)
driver/security_unified/libdrv_security_unified.a(crypto_curve_param.c.obj)
                              (--whole-archive)
driver/security_unified/libdrv_security_unified.a(drv_pke_sm2_verify.c.obj)
                              (--whole-archive)
driver/security_unified/libdrv_security_unified.a(drv_pke_ecdsa.c.obj)
                              (--whole-archive)
driver/security_unified/libdrv_security_unified.a(drv_pke_weak_func.c.obj)
                              (--whole-archive)
driver/security_unified/libdrv_security_unified.a(drv_pke_sm2_dsa_hash.c.obj)
                              (--whole-archive)
driver/security_unified/libdrv_security_unified.a(hal_rom_table.c.obj)
                              (--whole-archive)
driver/security_unified/libdrv_security_unified.a(drv_rom_table.c.obj)
                              (--whole-archive)
driver/security_unified/libdrv_security_unified.a(drv_rom_cipher.c.obj)
                              (--whole-archive)
driver/systick/libsystick.a(systick.c.obj)
                              (--whole-archive)
driver/tcxo/libtcxo.a(tcxo.c.obj)
                              (--whole-archive)
driver/timer/libdrv_timer.a(timer.c.obj)
                              (--whole-archive)
driver/uart/libuart.a(uart.c.obj)
                              (--whole-archive)
driver/watchdog/libwatchdog.a(watchdog.c.obj)
[...]
Memory Configuration

Name             Origin             Length             Attributes
STACK            0x0000000000a03100 0x0000000000002400 xrw
SRAM             0x0000000000a05500 0x000000000001dc00 xrw
FLASHBOOT_ROM_ADDR 0x0000000000a28300 0x0000000000010000 xrw
*default*        0x0000000000000000 0xffffffffffffffff

Linker script and memory map


.text.entry     0x0000000000a28300      0x248
                0x0000000000a28300                . = ALIGN (0x4)
 *(.text.entry)
 .text.entry    0x0000000000a28300      0x120 bootloader/flashboot_ws63/libflashboot_common.a(riscv_init.S.obj)
                0x0000000000a28300                _start
 *(.isr_vector)
 .isr_vector    0x0000000000a28420      0x128 drivers/chips/ws63/libchip_ws63.a(vectors.c.obj)
                0x0000000000a28548                . = ALIGN (0x4)

.stacks         0x0000000000a03100     0x2400
                0x0000000000a03100                . = ALIGN (0x10)
                0x0000000000a03100                g_system_stack_begin = ORIGIN (STACK)
                0x0000000000a04d00                . = (. + 0x1c00)
 *fill*         0x0000000000a03100     0x1c00 
                0x0000000000a04d00                __stack_top__ = .
                0x0000000000a05100                . = (. + 0x400)
 *fill*         0x0000000000a04d00      0x400 
                0x0000000000a05100                __irq_stack_top__ = .
                0x0000000000a05500                . = (. + 0x400)
 *fill*         0x0000000000a05100      0x400 
                0x0000000000a05500                __excp_stack_top__ = .
                0x0000000000a05500                . = ALIGN (0x10)
                0x0000000000a05500                g_system_stack_end = (ORIGIN (STACK) + LENGTH (STACK))

.text           0x0000000000a28550     0xb884
                0x0000000000a28550                . = ALIGN (0x4)
 *(.text)
 .text          0x0000000000a28550       0x4c drivers/chips/ws63/libchip_ws63.a(vectors.s.obj)
 .text          0x0000000000a2859c        0x4 c:/users/lmj-m/documents/hi3863-main/tools/bin/compiler/riscv/cc_riscv32_musl_100/cc_riscv32_musl_win/bin/../lib/gcc/riscv32-linux-musl/7.3.0\libgcc.a(_udivdi3.o)
                0x0000000000a2859c                __udivdi3
 .text          0x0000000000a285a0        0xc c:/users/lmj-m/documents/hi3863-main/tools/bin/compiler/riscv/cc_riscv32_musl_100/cc_riscv32_musl_win/bin/../lib/gcc/riscv32-linux-musl/7.3.0\libgcc.a(_umoddi3.o)
                0x0000000000a285a0                __umoddi3
 .text          0x0000000000a285ac      0x3f8 c:/users/lmj-m/documents/hi3863-main/tools/bin/compiler/riscv/cc_riscv32_musl_100/cc_riscv32_musl_win/bin/../lib/gcc/riscv32-linux-musl/7.3.0\libgcc.a(_udivmoddi4.o)
                0x0000000000a285ac                __udivmoddi4
 *(.text*)
 .text.memset   0x0000000000a289a4       0xae bootloader/commonboot/libc/libcommon_boot_libc.a(memset.c.obj)
                0x0000000000a289a4                memset
 .text.memcpy   0x0000000000a28a52      0x29c bootloader/commonboot/libc/libcommon_boot_libc.a(memcpy.c.obj)
                0x0000000000a28a52                memcpy
 .text.memcmp   0x0000000000a28cee       0x1e bootloader/commonboot/libc/libcommon_boot_libc.a(memcmp.c.obj)
                0x0000000000a28cee                memcmp
 .text.strlen   0x0000000000a28d0c       0x3e bootloader/commonboot/libc/libcommon_boot_libc.a(strlen.c.obj)
                0x0000000000a28d0c                strlen
 .text.memmove  0x0000000000a28d4a       0xbe bootloader/commonboot/libc/libcommon_boot_libc.a(memmove.c.obj)
                0x0000000000a28d4a                memmove
 .text.reset    0x0000000000a28e08       0x12 bootloader/commonboot/libcommon_boot.a(boot_reset.c.obj)
                0x0000000000a28e08                reset
 .text.boot_fail
                0x0000000000a28e1a        0x2 bootloader/commonboot/libcommon_boot.a(boot_reset.c.obj)
                0x0000000000a28e1a                boot_fail
 .text.boot_regist_flash_cmd
                0x0000000000a28e1c       0x1c bootloader/commonboot/libcommon_boot.a(boot_flash.c.obj)
                0x0000000000a28e1c                boot_regist_flash_cmd
 .text.jump_to_execute_addr
                0x0000000000a28e38        0x8 bootloader/commonboot/libcommon_boot.a(boot_jump.c.obj)
                0x0000000000a28e38                jump_to_execute_addr
 .text.ws63_set_try_fix_cnt
                0x0000000000a28e40       0x10 bootloader/flashboot_ws63/libflashboot_common.a(main.c.obj)
 .text.sfc_flash_erase
                0x0000000000a28e50        0xa bootloader/flashboot_ws63/libflashboot_common.a(main.c.obj)
 .text.sfc_flash_write
                0x0000000000a28e5a        0xa bootloader/flashboot_ws63/libflashboot_common.a(main.c.obj)
 .text.sfc_flash_read
                0x0000000000a28e64        0xa bootloader/flashboot_ws63/libflashboot_common.a(main.c.obj)
 .text.sfc_flash_init
                0x0000000000a28e6e        0xa bootloader/flashboot_ws63/libflashboot_common.a(main.c.obj)
 .text.start_fastboot
                0x0000000000a28e78      0x3e6 bootloader/flashboot_ws63/libflashboot_common.a(main.c.obj)
                0x0000000000a28e78                start_fastboot
 .text.check_image_id
                0x0000000000a2925e       0x4a bootloader/flashboot_ws63/libflashboot_common.a(secure_verify_boot.c.obj)
 .text.check_verify_enable
                0x0000000000a292a8       0x34 bootloader/flashboot_ws63/libflashboot_common.a(secure_verify_boot.c.obj)
 .text.check_msid
                0x0000000000a292dc       0x34 bootloader/flashboot_ws63/libflashboot_common.a(secure_verify_boot.c.obj)
 .text.secure_authenticate.constprop.2
                0x0000000000a29310       0x6c bootloader/flashboot_ws63/libflashboot_common.a(secure_verify_boot.c.obj)
 .text.check_die_id.constprop.3
                0x0000000000a2937c       0x3e bootloader/flashboot_ws63/libflashboot_common.a(secure_verify_boot.c.obj)
 .text.check_version
                0x0000000000a293ba       0x76 bootloader/flashboot_ws63/libflashboot_common.a(secure_verify_boot.c.obj)
 .text.verify_image_head
                0x0000000000a29430      0x1dc bootloader/flashboot_ws63/libflashboot_common.a(secure_verify_boot.c.obj)
                0x0000000000a29430                verify_image_head
 .text.verify_image_body
                0x0000000000a2960c       0x7c bootloader/flashboot_ws63/libflashboot_common.a(secure_verify_boot.c.obj)
                0x0000000000a2960c                verify_image_body
 .text.non_os_enter_critical
                0x0000000000a29688       0x7a kernel/non_os/non_os/libnon_os.a(non_os_utils.c.obj)
                0x0000000000a29688                non_os_enter_critical
 .text.non_os_exit_critical
                0x0000000000a29702       0x6c kernel/non_os/non_os/libnon_os.a(non_os_utils.c.obj)
                0x0000000000a29702                non_os_exit_critical
 .text.malloc_register_funcs
                0x0000000000a2976e       0x16 kernel/non_os/malloc/libnonos_malloc.a(malloc.c.obj)
                0x0000000000a2976e                malloc_register_funcs
 .text.rom_malloc_init
                0x0000000000a29784       0x3e kernel/non_os/malloc/libnonos_malloc.a(malloc.c.obj)
                0x0000000000a29784                rom_malloc_init
 .text.malloc_init
                0x0000000000a297c2        0x2 kernel/non_os/malloc/libnonos_malloc.a(malloc.c.obj)
                0x0000000000a297c2                malloc_init
 .text.rom_malloc
                0x0000000000a297c4       0xd8 kernel/non_os/malloc/libnonos_malloc.a(malloc.c.obj)
                0x0000000000a297c4                rom_malloc
 .text.malloc   0x0000000000a2989c        0x8 kernel/non_os/malloc/libnonos_malloc.a(malloc.c.obj)
                0x0000000000a2989c                malloc
 .text.rom_free
                0x0000000000a298a4       0x2e kernel/non_os/malloc/libnonos_malloc.a(malloc.c.obj)
                0x0000000000a298a4                rom_free
 .text.free     0x0000000000a298d2        0x2 kernel/non_os/malloc/libnonos_malloc.a(malloc.c.obj)
                0x0000000000a298d2                free
 .text.osal_irq_lock
                0x0000000000a298d4        0x8 kernel/osal/libosal.a(osal_interrupt.c.obj)
                0x0000000000a298d4                osal_irq_lock
 .text.osal_irq_restore
                0x0000000000a298dc        0x2 kernel/osal/libosal.a(osal_interrupt.c.obj)
                0x0000000000a298dc                osal_irq_restore
 .text.uapi_pmp_config
                0x0000000000a298de       0x7c driver/pmp/libpmp.a(pmp.c.obj)
                0x0000000000a298de                uapi_pmp_config
 .text.drv_rom_hash
                0x0000000000a2995a      0x148 driver/security_unified/libdrv_security_unified.a(hash_romable.c.obj)
                0x0000000000a2995a                drv_rom_hash
 .text.drv_rom_cipher_create_keyslot
                0x0000000000a29aa2       0x7c driver/security_unified/libdrv_security_unified.a(drv_flashboot_cipher.c.obj)
                0x0000000000a29aa2                drv_rom_cipher_create_keyslot
 .text.drv_rom_cipher_destroy_keyslot
                0x0000000000a29b1e        0x2 driver/security_unified/libdrv_security_unified.a(drv_flashboot_cipher.c.obj)
                0x0000000000a29b1e                drv_rom_cipher_destroy_keyslot
 .text.drv_rom_cipher_config_odrk1
                0x0000000000a29b20       0x64 driver/security_unified/libdrv_security_unified.a(drv_flashboot_cipher.c.obj)
                0x0000000000a29b20                drv_rom_cipher_config_odrk1
 .text.drv_rom_cipher_fapc_config
                0x0000000000a29b84       0x46 driver/security_unified/libdrv_security_unified.a(drv_flashboot_cipher.c.obj)
                0x0000000000a29b84                drv_rom_cipher_fapc_config
 .text.drv_rom_cipher_fapc_bypass_config
                0x0000000000a29bca        0x2 driver/security_unified/libdrv_security_unified.a(drv_flashboot_cipher.c.obj)
                0x0000000000a29bca                drv_rom_cipher_fapc_bypass_config
 .text.inner_symc_crypto
                0x0000000000a29bcc      0x12c driver/security_unified/libdrv_security_unified.a(drv_flashboot_symc.c.obj)
 .text.drv_rom_cipher_symc_init
                0x0000000000a29cf8       0x50 driver/security_unified/libdrv_security_unified.a(drv_flashboot_symc.c.obj)
                0x0000000000a29cf8                drv_rom_cipher_symc_init
 .text.drv_rom_cipher_symc_deinit
                0x0000000000a29d48       0x10 driver/security_unified/libdrv_security_unified.a(drv_flashboot_symc.c.obj)
                0x0000000000a29d48                drv_rom_cipher_symc_deinit
 .text.drv_rom_cipher_symc_decrypt
                0x0000000000a29d58        0xa driver/security_unified/libdrv_security_unified.a(drv_flashboot_symc.c.obj)
                0x0000000000a29d58                drv_rom_cipher_symc_decrypt
 .text.crypto_get_cpu_type
                0x0000000000a29d62       0x14 driver/security_unified/libdrv_security_unified.a(crypto_drv_common.c.obj)
                0x0000000000a29d62                crypto_get_cpu_type
 .text.crypto_sm_support
                0x0000000000a29d76        0x4 driver/security_unified/libdrv_security_unified.a(crypto_drv_common.c.obj)
                0x0000000000a29d76                crypto_sm_support
 .text.crypto_get_value_by_index
                0x0000000000a29d7a       0x2a driver/security_unified/libdrv_security_unified.a(crypto_drv_common.c.obj)
                0x0000000000a29d7a                crypto_get_value_by_index
 .text.drv_keyslot_create
                0x0000000000a29da4       0x56 driver/security_unified/libdrv_security_unified.a(drv_keyslot.c.obj)
                0x0000000000a29da4                drv_keyslot_create
 .text.drv_keyslot_destroy
                0x0000000000a29dfa       0x38 driver/security_unified/libdrv_security_unified.a(drv_keyslot.c.obj)
                0x0000000000a29dfa                drv_keyslot_destroy
 .text.drv_klad_create
                0x0000000000a29e32       0x36 driver/security_unified/libdrv_security_unified.a(drv_klad.c.obj)
                0x0000000000a29e32                drv_klad_create
 .text.drv_klad_destroy
                0x0000000000a29e68       0x34 driver/security_unified/libdrv_security_unified.a(drv_klad.c.obj)
                0x0000000000a29e68                drv_klad_destroy
 .text.drv_klad_attach
                0x0000000000a29e9c       0x62 driver/security_unified/libdrv_security_unified.a(drv_klad.c.obj)
                0x0000000000a29e9c                drv_klad_attach
 .text.drv_klad_detach
                0x0000000000a29efe       0x3e driver/security_unified/libdrv_security_unified.a(drv_klad.c.obj)
                0x0000000000a29efe                drv_klad_detach
 .text.drv_klad_set_attr
                0x0000000000a29f3c       0x66 driver/security_unified/libdrv_security_unified.a(drv_klad.c.obj)
                0x0000000000a29f3c                drv_klad_set_attr
 .text.drv_klad_set_effective_key
                0x0000000000a29fa2       0xb8 driver/security_unified/libdrv_security_unified.a(drv_klad.c.obj)
                0x0000000000a29fa2                drv_klad_set_effective_key
 .text.drv_fapc_set_iv
                0x0000000000a2a05a       0x10 driver/security_unified/libdrv_security_unified.a(drv_fapc.c.obj)
                0x0000000000a2a05a                drv_fapc_set_iv
 .text.drv_fapc_set_config
                0x0000000000a2a06a       0x88 driver/security_unified/libdrv_security_unified.a(drv_fapc.c.obj)
                0x0000000000a2a06a                drv_fapc_set_config
 .text.drv_fapc_set_bypass_config
                0x0000000000a2a0f2       0x28 driver/security_unified/libdrv_security_unified.a(drv_fapc.c.obj)
                0x0000000000a2a0f2                drv_fapc_set_bypass_config
 .text.hal_hash_lock
                0x0000000000a2a11a        0x8 driver/security_unified/libdrv_security_unified.a(hal_rom_table.c.obj)
                0x0000000000a2a11a                hal_hash_lock
 .text.hal_hash_unlock
                0x0000000000a2a122        0x8 driver/security_unified/libdrv_security_unified.a(hal_rom_table.c.obj)
                0x0000000000a2a122                hal_hash_unlock
 .text.hal_cipher_hash_config
                0x0000000000a2a12a        0x8 driver/security_unified/libdrv_security_unified.a(hal_rom_table.c.obj)
                0x0000000000a2a12a                hal_cipher_hash_config
 .text.hal_cipher_hash_add_in_node
                0x0000000000a2a132        0x8 driver/security_unified/libdrv_security_unified.a(hal_rom_table.c.obj)
                0x0000000000a2a132                hal_cipher_hash_add_in_node
 .text.hal_cipher_hash_start
                0x0000000000a2a13a        0x8 driver/security_unified/libdrv_security_unified.a(hal_rom_table.c.obj)
                0x0000000000a2a13a                hal_cipher_hash_start
 .text.hal_cipher_hash_wait_done
                0x0000000000a2a142        0x8 driver/security_unified/libdrv_security_unified.a(hal_rom_table.c.obj)
                0x0000000000a2a142                hal_cipher_hash_wait_done
 .text.drv_rom_cipher_pke_bp256r_verify
                0x0000000000a2a14a        0x8 driver/security_unified/libdrv_security_unified.a(drv_rom_table.c.obj)
                0x0000000000a2a14a                drv_rom_cipher_pke_bp256r_verify
 .text.drv_rom_cipher_sha256
                0x0000000000a2a152       0x30 driver/security_unified/libdrv_security_unified.a(drv_rom_cipher.c.obj)
                0x0000000000a2a152                drv_rom_cipher_sha256
 .text.uapi_systick_get_count
                0x0000000000a2a182       0x30 driver/systick/libsystick.a(systick.c.obj)
                0x0000000000a2a182                uapi_systick_get_count
 .text.uapi_systick_get_us
                0x0000000000a2a1b2       0x2c driver/systick/libsystick.a(systick.c.obj)
                0x0000000000a2a1b2                uapi_systick_get_us
 .text.uapi_tcxo_init
                0x0000000000a2a1de       0x36 driver/tcxo/libtcxo.a(tcxo.c.obj)
                0x0000000000a2a1de                uapi_tcxo_init
 .text.uapi_tcxo_get_count
                0x0000000000a2a214       0x30 driver/tcxo/libtcxo.a(tcxo.c.obj)
                0x0000000000a2a214                uapi_tcxo_get_count
 .text.uapi_tcxo_delay_ms
                0x0000000000a2a244       0x50 driver/tcxo/libtcxo.a(tcxo.c.obj)
                0x0000000000a2a244                uapi_tcxo_delay_ms
 .text.uapi_tcxo_delay_us
                0x0000000000a2a294       0x3e driver/tcxo/libtcxo.a(tcxo.c.obj)
                0x0000000000a2a294                uapi_tcxo_delay_us
 .text.uart_helper_invoke_current_fragment_callback
                0x0000000000a2a2d2       0x1e driver/uart/libuart.a(uart.c.obj)
 .text.uart_helper_move_to_next_fragment
                0x0000000000a2a2f0       0x3e driver/uart/libuart.a(uart.c.obj)
 .text.uart_helper_send_next_char
                0x0000000000a2a32e       0x2e driver/uart/libuart.a(uart.c.obj)
 .text.uart_error_isr
                0x0000000000a2a35c       0x80 driver/uart/libuart.a(uart.c.obj)
 .text.uart_evt_callback
                0x0000000000a2a3dc      0x1c4 driver/uart/libuart.a(uart.c.obj)
 .text.uapi_uart_init
                0x0000000000a2a5a0       0xbe driver/uart/libuart.a(uart.c.obj)
                0x0000000000a2a5a0                uapi_uart_init
 .text.uapi_uart_write
                0x0000000000a2a65e       0x72 driver/uart/libuart.a(uart.c.obj)
                0x0000000000a2a65e                uapi_uart_write
 .text.uapi_watchdog_init
                0x0000000000a2a6d0       0x52 driver/watchdog/libwatchdog.a(watchdog.c.obj)
                0x0000000000a2a6d0                uapi_watchdog_init
 .text.uapi_watchdog_enable
                0x0000000000a2a722       0x44 driver/watchdog/libwatchdog.a(watchdog.c.obj)
                0x0000000000a2a722                uapi_watchdog_enable
 .text.uapi_watchdog_disable
                0x0000000000a2a766       0x36 driver/watchdog/libwatchdog.a(watchdog.c.obj)
                0x0000000000a2a766                uapi_watchdog_disable
 .text.uapi_watchdog_deinit
                0x0000000000a2a79c       0x3a driver/watchdog/libwatchdog.a(watchdog.c.obj)
                0x0000000000a2a79c                uapi_watchdog_deinit
 .text.uapi_watchdog_kick
                0x0000000000a2a7d6       0x2c driver/watchdog/libwatchdog.a(watchdog.c.obj)
                0x0000000000a2a7d6                uapi_watchdog_kick
 .text.uapi_efuse_init
                0x0000000000a2a802       0x10 driver/efuse/libefuse.a(efuse.c.obj)
                0x0000000000a2a802                uapi_efuse_init
 .text.uapi_efuse_read_bit
                0x0000000000a2a812       0x56 driver/efuse/libefuse.a(efuse.c.obj)
                0x0000000000a2a812                uapi_efuse_read_bit
 .text.uapi_efuse_read_buffer
                0x0000000000a2a868       0x5a driver/efuse/libefuse.a(efuse.c.obj)
                0x0000000000a2a868                uapi_efuse_read_buffer
 .text.hal_efuse_register_funcs
                0x0000000000a2a8c2       0x16 hal/efuse/libhal_efuse_v151.a(hal_efuse.c.obj)
                0x0000000000a2a8c2                hal_efuse_register_funcs
 .text.hal_efuse_get_funcs
                0x0000000000a2a8d8        0xa hal/efuse/libhal_efuse_v151.a(hal_efuse.c.obj)
                0x0000000000a2a8d8                hal_efuse_get_funcs
 .text.hal_efuse_deinit
                0x0000000000a2a8e2        0xc hal/efuse/libhal_efuse_v151.a(hal_efuse_v151.c.obj)
 .text.hal_efuse_get_writeread_addr
                0x0000000000a2a8ee       0x26 hal/efuse/libhal_efuse_v151.a(hal_efuse_v151.c.obj)
 .text.hal_efuse_init
                0x0000000000a2a914       0x2e hal/efuse/libhal_efuse_v151.a(hal_efuse_v151.c.obj)
 .text.hal_efuse_read_byte
                0x0000000000a2a942       0x60 hal/efuse/libhal_efuse_v151.a(hal_efuse_v151.c.obj)
 .text.hal_efuse_get_die_id
                0x0000000000a2a9a2       0x34 hal/efuse/libhal_efuse_v151.a(hal_efuse_v151.c.obj)
 .text.hal_efuse_write_operation
                0x0000000000a2a9d6       0x98 hal/efuse/libhal_efuse_v151.a(hal_efuse_v151.c.obj)
 .text.hal_efuse_write_buffer_operation
                0x0000000000a2aa6e       0x3c hal/efuse/libhal_efuse_v151.a(hal_efuse_v151.c.obj)
 .text.hal_efuse_set_clock_period
                0x0000000000a2aaaa        0xa hal/efuse/libhal_efuse_v151.a(hal_efuse_v151.c.obj)
                0x0000000000a2aaaa                hal_efuse_set_clock_period
 .text.hal_efuse_funcs_get
                0x0000000000a2aab4        0x8 hal/efuse/libhal_efuse_v151.a(hal_efuse_v151.c.obj)
                0x0000000000a2aab4                hal_efuse_funcs_get
 .text.hal_efuse_regs_init
                0x0000000000a2aabc       0x32 hal/efuse/libhal_efuse_v151.a(hal_efuse_v151_reg_op.c.obj)
                0x0000000000a2aabc                hal_efuse_regs_init
 .text.hal_pmp_register_funcs
                0x0000000000a2aaee       0x16 hal/pmp/libhal_pmp.a(hal_pmp.c.obj)
                0x0000000000a2aaee                hal_pmp_register_funcs
 .text.hal_pmp_get_funcs
                0x0000000000a2ab04        0xa hal/pmp/libhal_pmp.a(hal_pmp.c.obj)
                0x0000000000a2ab04                hal_pmp_get_funcs
 .text.hal_pmp_riscv31_config
                0x0000000000a2ab0e       0x4c hal/pmp/libhal_pmp.a(hal_pmp_riscv31.c.obj)
 .text.hal_pmp_riscv31_funcs_get
                0x0000000000a2ab5a        0x8 hal/pmp/libhal_pmp.a(hal_pmp_riscv31.c.obj)
                0x0000000000a2ab5a                hal_pmp_riscv31_funcs_get
 .text.hal_pmp_riscv31_regs_set_pmpaddr
                0x0000000000a2ab62       0x9e hal/pmp/libhal_pmp.a(hal_pmp_riscv31_regs_op.c.obj)
                0x0000000000a2ab62                hal_pmp_riscv31_regs_set_pmpaddr
 .text.hal_pmp_riscv31_regs_set_memxattr
                0x0000000000a2ac00       0x50 hal/pmp/libhal_pmp.a(hal_pmp_riscv31_regs_op.c.obj)
                0x0000000000a2ac00                hal_pmp_riscv31_regs_set_memxattr
 .text.hal_pmp_riscv31_regs_set_pmpxcfg
                0x0000000000a2ac50       0x76 hal/pmp/libhal_pmp.a(hal_pmp_riscv31_regs_op.c.obj)
                0x0000000000a2ac50                hal_pmp_riscv31_regs_set_pmpxcfg
 .text.hal_reboot_chip
                0x0000000000a2acc6       0x10 hal/reboot/libhal_reboot.a(hal_reboot.c.obj)
                0x0000000000a2acc6                hal_reboot_chip
 .text.hal_rkp_lock
                0x0000000000a2acd6       0x42 hal/security_unified/libhal_security_unified.a(hal_rkp.c.obj)
                0x0000000000a2acd6                hal_rkp_lock
 .text.hal_rkp_unlock
                0x0000000000a2ad18       0x10 hal/security_unified/libhal_security_unified.a(hal_rkp.c.obj)
                0x0000000000a2ad18                hal_rkp_unlock
 .text.hal_rkp_kdf_wait_done
                0x0000000000a2ad28       0x40 hal/security_unified/libhal_security_unified.a(hal_rkp.c.obj)
                0x0000000000a2ad28                hal_rkp_kdf_wait_done
 .text.hal_rkp_kdf_hard_calculation
                0x0000000000a2ad68      0x102 hal/security_unified/libhal_security_unified.a(hal_rkp.c.obj)
                0x0000000000a2ad68                hal_rkp_kdf_hard_calculation
 .text.inner_kslot_chn_is_locked
                0x0000000000a2ae6a       0x36 hal/security_unified/libhal_security_unified.a(hal_keyslot.c.obj)
 .text.inner_chk_kslot_busy
                0x0000000000a2aea0       0x2a hal/security_unified/libhal_security_unified.a(hal_keyslot.c.obj)
 .text.inner_kslot_is_busy
                0x0000000000a2aeca       0x14 hal/security_unified/libhal_security_unified.a(hal_keyslot.c.obj)
 .text.hal_keyslot_lock
                0x0000000000a2aede       0x9c hal/security_unified/libhal_security_unified.a(hal_keyslot.c.obj)
                0x0000000000a2aede                hal_keyslot_lock
 .text.hal_keyslot_unlock
                0x0000000000a2af7a       0xb6 hal/security_unified/libhal_security_unified.a(hal_keyslot.c.obj)
                0x0000000000a2af7a                hal_keyslot_unlock
 .text.inner_klad_set_key_odd
                0x0000000000a2b030       0x1c hal/security_unified/libhal_security_unified.a(hal_klad.c.obj)
 .text.inner_klad_wait_com_route_done
                0x0000000000a2b04c       0x52 hal/security_unified/libhal_security_unified.a(hal_klad.c.obj)
 .text.hal_klad_lock
                0x0000000000a2b09e       0x5a hal/security_unified/libhal_security_unified.a(hal_klad.c.obj)
                0x0000000000a2b09e                hal_klad_lock
 .text.hal_klad_unlock
                0x0000000000a2b0f8       0x3c hal/security_unified/libhal_security_unified.a(hal_klad.c.obj)
                0x0000000000a2b0f8                hal_klad_unlock
 .text.hal_klad_set_key_crypto_cfg
                0x0000000000a2b134       0x6a hal/security_unified/libhal_security_unified.a(hal_klad.c.obj)
                0x0000000000a2b134                hal_klad_set_key_crypto_cfg
 .text.hal_klad_set_key_dest_cfg
                0x0000000000a2b19e       0x38 hal/security_unified/libhal_security_unified.a(hal_klad.c.obj)
                0x0000000000a2b19e                hal_klad_set_key_dest_cfg
 .text.hal_klad_set_key_secure_cfg
                0x0000000000a2b1d6       0x52 hal/security_unified/libhal_security_unified.a(hal_klad.c.obj)
                0x0000000000a2b1d6                hal_klad_set_key_secure_cfg
 .text.hal_klad_set_key_addr
                0x0000000000a2b228       0x32 hal/security_unified/libhal_security_unified.a(hal_klad.c.obj)
                0x0000000000a2b228                hal_klad_set_key_addr
 .text.hal_klad_start_com_route
                0x0000000000a2b25a       0xc6 hal/security_unified/libhal_security_unified.a(hal_klad.c.obj)
                0x0000000000a2b25a                hal_klad_start_com_route
 .text.hal_fapc_set_region_addr
                0x0000000000a2b320       0x22 hal/security_unified/libhal_security_unified.a(hal_fapc.c.obj)
                0x0000000000a2b320                hal_fapc_set_region_addr
 .text.hal_fapc_set_region_permission
                0x0000000000a2b342        0x4 hal/security_unified/libhal_security_unified.a(hal_fapc.c.obj)
                0x0000000000a2b342                hal_fapc_set_region_permission
 .text.hal_fapc_set_region_mac_addr
                0x0000000000a2b346        0x4 hal/security_unified/libhal_security_unified.a(hal_fapc.c.obj)
                0x0000000000a2b346                hal_fapc_set_region_mac_addr
 .text.hal_fapc_set_region_mode
                0x0000000000a2b34a       0x3a hal/security_unified/libhal_security_unified.a(hal_fapc.c.obj)
                0x0000000000a2b34a                hal_fapc_set_region_mode
 .text.hal_fapc_region_enable
                0x0000000000a2b384        0x4 hal/security_unified/libhal_security_unified.a(hal_fapc.c.obj)
                0x0000000000a2b384                hal_fapc_region_enable
 .text.hal_fapc_region_lock
                0x0000000000a2b388       0x24 hal/security_unified/libhal_security_unified.a(hal_fapc.c.obj)
                0x0000000000a2b388                hal_fapc_region_lock
 .text.hal_fapc_set_region_iv
                0x0000000000a2b3ac       0x48 hal/security_unified/libhal_security_unified.a(hal_fapc.c.obj)
                0x0000000000a2b3ac                hal_fapc_set_region_iv
 .text.hal_fapc_set_region_iv_start_addr
                0x0000000000a2b3f4       0x1c hal/security_unified/libhal_security_unified.a(hal_fapc.c.obj)
                0x0000000000a2b3f4                hal_fapc_set_region_iv_start_addr
 .text.hal_tcxo_init
                0x0000000000a2b410       0x2c hal/tcxo/libhal_tcxo.a(hal_tcxo_v150.c.obj)
                0x0000000000a2b410                hal_tcxo_init
 .text.hal_tcxo_get
                0x0000000000a2b43c       0x30 hal/tcxo/libhal_tcxo.a(hal_tcxo_v150.c.obj)
                0x0000000000a2b43c                hal_tcxo_get
 .text.hal_tcxo_v150_regs_init
                0x0000000000a2b46c       0x20 hal/tcxo/libhal_tcxo.a(hal_tcxo_v150_regs_op.c.obj)
                0x0000000000a2b46c                hal_tcxo_v150_regs_init
 .text.hal_tcxo_reg_count_get
                0x0000000000a2b48c        0xe hal/tcxo/libhal_tcxo.a(hal_tcxo_v150_regs_op.c.obj)
                0x0000000000a2b48c                hal_tcxo_reg_count_get
 .text.hal_uart_register_funcs
                0x0000000000a2b49a       0x1e hal/uart/libhal_uart.a(hal_uart.c.obj)
                0x0000000000a2b49a                hal_uart_register_funcs
 .text.hal_uart_init
                0x0000000000a2b4b8       0x3a hal/uart/libhal_uart.a(hal_uart.c.obj)
                0x0000000000a2b4b8                hal_uart_init
 .text.hal_uart_write
                0x0000000000a2b4f2       0x12 hal/uart/libhal_uart.a(hal_uart.c.obj)
                0x0000000000a2b4f2                hal_uart_write
 .text.hal_uart_read
                0x0000000000a2b504       0x12 hal/uart/libhal_uart.a(hal_uart.c.obj)
                0x0000000000a2b504                hal_uart_read
 .text.hal_uart_ctrl
                0x0000000000a2b516       0x1c hal/uart/libhal_uart.a(hal_uart.c.obj)
                0x0000000000a2b516                hal_uart_ctrl
 .text.hal_uart_v151_ctrl_get_rxfifo_passnum
                0x0000000000a2b532       0x12 hal/uart/libhal_uart.a(hal_uart_v151.c.obj)
 .text.hal_uart_v151_get_uart_rxfifo_threshold
                0x0000000000a2b544       0x22 hal/uart/libhal_uart.a(hal_uart_v151.c.obj)
 .text.hal_uart_v151_deinit
                0x0000000000a2b566       0x12 hal/uart/libhal_uart.a(hal_uart_v151.c.obj)
 .text.hal_uart_set_diven
                0x0000000000a2b578       0x18 hal/uart/libhal_uart.a(hal_uart_v151.c.obj)
 .text.hal_uart_is_tx_fifo_full
                0x0000000000a2b590       0x16 hal/uart/libhal_uart.a(hal_uart_v151.c.obj)
 .text.hal_uart_is_tx_fifo_empty
                0x0000000000a2b5a6       0x18 hal/uart/libhal_uart.a(hal_uart_v151.c.obj)
 .text.hal_uart_is_busy
                0x0000000000a2b5be       0x1e hal/uart/libhal_uart.a(hal_uart_v151.c.obj)
 .text.hal_uart_is_rx_fifo_empty
                0x0000000000a2b5dc       0x18 hal/uart/libhal_uart.a(hal_uart_v151.c.obj)
 .text.hal_uart_v151_write
                0x0000000000a2b5f4       0x26 hal/uart/libhal_uart.a(hal_uart_v151.c.obj)
 .text.hal_uart_v151_read
                0x0000000000a2b61a       0x28 hal/uart/libhal_uart.a(hal_uart_v151.c.obj)
 .text.hal_uart_v151_ctrl
                0x0000000000a2b642       0x1c hal/uart/libhal_uart.a(hal_uart_v151.c.obj)
 .text.hal_uart_init_fifo
                0x0000000000a2b65e       0x3c hal/uart/libhal_uart.a(hal_uart_v151.c.obj)
                0x0000000000a2b65e                hal_uart_init_fifo
 .text.hal_uart_v151_ctrl_set_txfifo_int_level
                0x0000000000a2b69a       0x20 hal/uart/libhal_uart.a(hal_uart_v151.c.obj)
 .text.hal_uart_v151_ctrl_set_rxfifo_int_level
                0x0000000000a2b6ba       0x22 hal/uart/libhal_uart.a(hal_uart_v151.c.obj)
 .text.hal_uart_set_baud_rate
                0x0000000000a2b6dc       0x42 hal/uart/libhal_uart.a(hal_uart_v151.c.obj)
                0x0000000000a2b6dc                hal_uart_set_baud_rate
 .text.hal_uart_set_data_bits
                0x0000000000a2b71e       0x1a hal/uart/libhal_uart.a(hal_uart_v151.c.obj)
                0x0000000000a2b71e                hal_uart_set_data_bits
 .text.hal_uart_set_stop_bits
                0x0000000000a2b738       0x1c hal/uart/libhal_uart.a(hal_uart_v151.c.obj)
                0x0000000000a2b738                hal_uart_set_stop_bits
 .text.hal_uart_auto_flow_ctl_en
                0x0000000000a2b754       0x1c hal/uart/libhal_uart.a(hal_uart_v151.c.obj)
                0x0000000000a2b754                hal_uart_auto_flow_ctl_en
 .text.hal_uart_enable_interrupt
                0x0000000000a2b770       0x4a hal/uart/libhal_uart.a(hal_uart_v151.c.obj)
                0x0000000000a2b770                hal_uart_enable_interrupt
 .text.hal_uart_en_para_err_int
                0x0000000000a2b7ba        0xe hal/uart/libhal_uart.a(hal_uart_v151.c.obj)
 .text.hal_uart_en_idle_int
                0x0000000000a2b7c8        0xe hal/uart/libhal_uart.a(hal_uart_v151.c.obj)
 .text.hal_uart_en_rx_int
                0x0000000000a2b7d6        0xe hal/uart/libhal_uart.a(hal_uart_v151.c.obj)
 .text.hal_uart_en_tx_int
                0x0000000000a2b7e4        0xe hal/uart/libhal_uart.a(hal_uart_v151.c.obj)
 .text.hal_uart_check_en
                0x0000000000a2b7f2       0x1c hal/uart/libhal_uart.a(hal_uart_v151.c.obj)
                0x0000000000a2b7f2                hal_uart_check_en
 .text.hal_uart_parity_en
                0x0000000000a2b80e       0x1a hal/uart/libhal_uart.a(hal_uart_v151.c.obj)
                0x0000000000a2b80e                hal_uart_parity_en
 .text.hal_uart_set_parity
                0x0000000000a2b828       0x26 hal/uart/libhal_uart.a(hal_uart_v151.c.obj)
                0x0000000000a2b828                hal_uart_set_parity
 .text.hal_uart_v151_ctrl_set_attr
                0x0000000000a2b84e       0x2c hal/uart/libhal_uart.a(hal_uart_v151.c.obj)
 .text.hal_uart_tx_pause_en
                0x0000000000a2b87a       0x18 hal/uart/libhal_uart.a(hal_uart_v151.c.obj)
                0x0000000000a2b87a                hal_uart_tx_pause_en
 .text.hal_uart_v151_init
                0x0000000000a2b892       0x92 hal/uart/libhal_uart.a(hal_uart_v151.c.obj)
 .text.hal_uart_v151_funcs_get
                0x0000000000a2b924        0x8 hal/uart/libhal_uart.a(hal_uart_v151.c.obj)
                0x0000000000a2b924                hal_uart_v151_funcs_get
 .text.hal_watchdog_register_funcs
                0x0000000000a2b92c       0x16 hal/watchdog/libhal_watchdog.a(hal_watchdog.c.obj)
                0x0000000000a2b92c                hal_watchdog_register_funcs
 .text.hal_watchdog_unregister_funcs
                0x0000000000a2b942        0xe hal/watchdog/libhal_watchdog.a(hal_watchdog.c.obj)
                0x0000000000a2b942                hal_watchdog_unregister_funcs
 .text.hal_watchdog_get_funcs
                0x0000000000a2b950        0xa hal/watchdog/libhal_watchdog.a(hal_watchdog.c.obj)
                0x0000000000a2b950                hal_watchdog_get_funcs
 .text.hal_watchdog_regs_init
                0x0000000000a2b95a       0x1e hal/watchdog/libhal_watchdog.a(hal_watchdog.c.obj)
                0x0000000000a2b95a                hal_watchdog_regs_init
 .text.hal_watchdog_regs_deinit
                0x0000000000a2b978        0xc hal/watchdog/libhal_watchdog.a(hal_watchdog.c.obj)
                0x0000000000a2b978                hal_watchdog_regs_deinit
 .text.hal_watchdog_v151_kick
                0x0000000000a2b984       0x12 hal/watchdog/libhal_watchdog.a(hal_watchdog_v151.c.obj)
 .text.hal_watchdog_v151_get_attr
                0x0000000000a2b996        0xa hal/watchdog/libhal_watchdog.a(hal_watchdog_v151.c.obj)
 .text.hal_register_watchdog_v151_callback
                0x0000000000a2b9a0        0xa hal/watchdog/libhal_watchdog.a(hal_watchdog_v151.c.obj)
 .text.hal_watchdog_v151_deinit
                0x0000000000a2b9aa        0x2 hal/watchdog/libhal_watchdog.a(hal_watchdog_v151.c.obj)
 .text.hal_watchdog_v151_init
                0x0000000000a2b9ac        0x2 hal/watchdog/libhal_watchdog.a(hal_watchdog_v151.c.obj)
 .text.hal_watchdog_v151_get_left_time
                0x0000000000a2b9ae       0x50 hal/watchdog/libhal_watchdog.a(hal_watchdog_v151.c.obj)
 .text.hal_watchdog_v151_clear_interrupt
                0x0000000000a2b9fe       0x12 hal/watchdog/libhal_watchdog.a(hal_watchdog_v151.c.obj)
 .text.hal_watchdog_v151_disable
                0x0000000000a2ba10       0x14 hal/watchdog/libhal_watchdog.a(hal_watchdog_v151.c.obj)
 .text.hal_watchdog_v151_set_attr
                0x0000000000a2ba24       0x70 hal/watchdog/libhal_watchdog.a(hal_watchdog_v151.c.obj)
 .text.hal_watchdog_v151_enable
                0x0000000000a2ba94       0x3c hal/watchdog/libhal_watchdog.a(hal_watchdog_v151.c.obj)
 .text.hal_watchdog_v151_funcs_get
                0x0000000000a2bad0        0x8 hal/watchdog/libhal_watchdog.a(hal_watchdog_v151.c.obj)
                0x0000000000a2bad0                hal_watchdog_v151_funcs_get
 .text.hal_sfc_regs_init
                0x0000000000a2bad8       0x5a hal/sfc/libhal_sfc.a(hal_sfc.c.obj)
                0x0000000000a2bad8                hal_sfc_regs_init
 .text.hal_sfc_regs_set_cmd_addr
                0x0000000000a2bb32       0x1e hal/sfc/libhal_sfc.a(hal_sfc_v150.c.obj)
 .text.hal_sfc_regs_wait_ready.constprop.3
                0x0000000000a2bb50       0x60 hal/sfc/libhal_sfc.a(hal_sfc_v150.c.obj)
 .text.hal_sfc_execute_type_cmd
                0x0000000000a2bbb0       0x5c hal/sfc/libhal_sfc.a(hal_sfc_v150.c.obj)
 .text.hal_sfc_write_enable
                0x0000000000a2bc0c       0x16 hal/sfc/libhal_sfc.a(hal_sfc_v150.c.obj)
 .text.hal_sfc_reg_write_once
                0x0000000000a2bc22       0x7c hal/sfc/libhal_sfc.a(hal_sfc_v150.c.obj)
 .text.hal_sfc_get_flash_id
                0x0000000000a2bc9e       0x44 hal/sfc/libhal_sfc.a(hal_sfc_v150.c.obj)
                0x0000000000a2bc9e                hal_sfc_get_flash_id
 .text.hal_sfc_init
                0x0000000000a2bce2       0xe2 hal/sfc/libhal_sfc.a(hal_sfc_v150.c.obj)
                0x0000000000a2bce2                hal_sfc_init
 .text.hal_sfc_reg_read
                0x0000000000a2bdc4       0x8c hal/sfc/libhal_sfc.a(hal_sfc_v150.c.obj)
                0x0000000000a2bdc4                hal_sfc_reg_read
 .text.hal_sfc_reg_write
                0x0000000000a2be50       0x60 hal/sfc/libhal_sfc.a(hal_sfc_v150.c.obj)
                0x0000000000a2be50                hal_sfc_reg_write
 .text.hal_sfc_reg_erase
                0x0000000000a2beb0       0x32 hal/sfc/libhal_sfc.a(hal_sfc_v150.c.obj)
                0x0000000000a2beb0                hal_sfc_reg_erase
 .text.hal_sfc_regs_set_opt
                0x0000000000a2bee2       0x38 hal/sfc/libhal_sfc.a(hal_sfc_v150_regs_op.c.obj)
                0x0000000000a2bee2                hal_sfc_regs_set_opt
 .text.hal_sfc_regs_set_opt_attr
                0x0000000000a2bf1a       0x2e hal/sfc/libhal_sfc.a(hal_sfc_v150_regs_op.c.obj)
                0x0000000000a2bf1a                hal_sfc_regs_set_opt_attr
 .text.hal_sfc_regs_wait_config
                0x0000000000a2bf48       0x10 hal/sfc/libhal_sfc.a(hal_sfc_v150_regs_op.c.obj)
                0x0000000000a2bf48                hal_sfc_regs_wait_config
 .text.hal_sfc_regs_set_bus_read
                0x0000000000a2bf58       0x3c hal/sfc/libhal_sfc.a(hal_sfc_v150_regs_op.c.obj)
                0x0000000000a2bf58                hal_sfc_regs_set_bus_read
 .text.hal_sfc_regs_set_bus_write
                0x0000000000a2bf94       0x36 hal/sfc/libhal_sfc.a(hal_sfc_v150_regs_op.c.obj)
                0x0000000000a2bf94                hal_sfc_regs_set_bus_write
 .text.pmp_enable
                0x0000000000a2bfca       0x40 drivers/chips/ws63/porting/arch/libpmp_cfg_ws63.a(pmp_cfg.c.obj)
                0x0000000000a2bfca                pmp_enable
 .text.uart_port_register_hal_funcs
                0x0000000000a2c00a       0x12 drivers/chips/ws63/porting/uart/libuart_port.a(uart_porting.c.obj)
                0x0000000000a2c00a                uart_port_register_hal_funcs
 .text.uart_port_set_clock_value
                0x0000000000a2c01c        0xa drivers/chips/ws63/porting/uart/libuart_port.a(uart_porting.c.obj)
                0x0000000000a2c01c                uart_port_set_clock_value
 .text.uart_port_get_clock_value
                0x0000000000a2c026        0xa drivers/chips/ws63/porting/uart/libuart_port.a(uart_porting.c.obj)
                0x0000000000a2c026                uart_port_get_clock_value
 .text.uart_port_config_pinmux
                0x0000000000a2c030       0x10 drivers/chips/ws63/porting/uart/libuart_port.a(uart_porting.c.obj)
                0x0000000000a2c030                uart_port_config_pinmux
 .text.uart_port_register_irq
                0x0000000000a2c040        0x2 drivers/chips/ws63/porting/uart/libuart_port.a(uart_porting.c.obj)
                0x0000000000a2c040                uart_port_register_irq
 .text.uart_port_unregister_irq
                0x0000000000a2c042        0x2 drivers/chips/ws63/porting/uart/libuart_port.a(uart_porting.c.obj)
                0x0000000000a2c042                uart_port_unregister_irq
 .text.print_str
                0x0000000000a2c044       0x60 drivers/chips/ws63/porting/uart/libuart_port.a(uart_porting.c.obj)
                0x0000000000a2c044                print_str
 .text.uart_porting_lock
                0x0000000000a2c0a4        0x4 drivers/chips/ws63/porting/uart/libuart_port.a(uart_porting.c.obj)
                0x0000000000a2c0a4                uart_porting_lock
 .text.uart_porting_unlock
                0x0000000000a2c0a8        0x6 drivers/chips/ws63/porting/uart/libuart_port.a(uart_porting.c.obj)
                0x0000000000a2c0a8                uart_porting_unlock
 .text.hal_systick_get_count
                0x0000000000a2c0ae       0x10 drivers/chips/ws63/porting/systick/libsystick_port.a(hal_systick_ws63.c.obj)
                0x0000000000a2c0ae                hal_systick_get_count
 .text.systick_clock_get
                0x0000000000a2c0be        0xa drivers/chips/ws63/porting/systick/libsystick_port.a(systick_porting.c.obj)
                0x0000000000a2c0be                systick_clock_get
 .text.tcxo_porting_base_addr_get
                0x0000000000a2c0c8        0x8 drivers/chips/ws63/porting/tcxo/libtcxo_port.a(tcxo_porting.c.obj)
                0x0000000000a2c0c8                tcxo_porting_base_addr_get
 .text.tcxo_porting_ticks_per_usec_get
                0x0000000000a2c0d0        0xa drivers/chips/ws63/porting/tcxo/libtcxo_port.a(tcxo_porting.c.obj)
                0x0000000000a2c0d0                tcxo_porting_ticks_per_usec_get
 .text.tcxo_porting_ticks_per_usec_set
                0x0000000000a2c0da        0xa drivers/chips/ws63/porting/tcxo/libtcxo_port.a(tcxo_porting.c.obj)
                0x0000000000a2c0da                tcxo_porting_ticks_per_usec_set
 .text.watchdog_port_register_hal_funcs
                0x0000000000a2c0e4        0xc drivers/chips/ws63/porting/watchdog/libwatchdog_port.a(watchdog_porting.c.obj)
                0x0000000000a2c0e4                watchdog_port_register_hal_funcs
 .text.watchdog_port_unregister_hal_funcs
                0x0000000000a2c0f0        0x4 drivers/chips/ws63/porting/watchdog/libwatchdog_port.a(watchdog_porting.c.obj)
                0x0000000000a2c0f0                watchdog_port_unregister_hal_funcs
 .text.watchdog_port_register_irq
                0x0000000000a2c0f4        0x2 drivers/chips/ws63/porting/watchdog/libwatchdog_port.a(watchdog_porting.c.obj)
                0x0000000000a2c0f4                watchdog_port_register_irq
 .text.watchdog_port_set_clock
                0x0000000000a2c0f6       0x16 drivers/chips/ws63/porting/watchdog/libwatchdog_port.a(watchdog_porting.c.obj)
                0x0000000000a2c0f6                watchdog_port_set_clock
 .text.watchdog_port_get_clock
                0x0000000000a2c10c        0xa drivers/chips/ws63/porting/watchdog/libwatchdog_port.a(watchdog_porting.c.obj)
                0x0000000000a2c10c                watchdog_port_get_clock
 .text.pmp_port_register_hal_funcs
                0x0000000000a2c116        0xc drivers/chips/ws63/porting/pmp/libpmp_port.a(pmp_porting.c.obj)
                0x0000000000a2c116                pmp_port_register_hal_funcs
 .text.sfc_port_get_flash_spi_infos
                0x0000000000a2c122        0x8 drivers/chips/ws63/porting/sfc/flash_config/libsfc_flash_config_ws63.a(flash_config_info.c.obj)
                0x0000000000a2c122                sfc_port_get_flash_spi_infos
 .text.sfc_port_get_flash_num
                0x0000000000a2c12a        0x4 drivers/chips/ws63/porting/sfc/flash_config/libsfc_flash_config_ws63.a(flash_config_info.c.obj)
                0x0000000000a2c12a                sfc_port_get_flash_num
 .text.sfc_port_get_unknown_flash_info
                0x0000000000a2c12e        0x8 drivers/chips/ws63/porting/sfc/flash_config/libsfc_flash_config_ws63.a(flash_config_info.c.obj)
                0x0000000000a2c12e                sfc_port_get_unknown_flash_info
 .text.sfc_port_get_sfc_start_addr
                0x0000000000a2c136        0x6 drivers/chips/ws63/porting/sfc/porting/libsfc_port_ws63.a(sfc_porting.c.obj)
                0x0000000000a2c136                sfc_port_get_sfc_start_addr
 .text.sfc_port_get_sfc_end_addr
                0x0000000000a2c13c        0x8 drivers/chips/ws63/porting/sfc/porting/libsfc_port_ws63.a(sfc_porting.c.obj)
                0x0000000000a2c13c                sfc_port_get_sfc_end_addr
 .text.sfc_port_get_sfc_global_conf_base_addr
                0x0000000000a2c144        0x8 drivers/chips/ws63/porting/sfc/porting/libsfc_port_ws63.a(sfc_porting.c.obj)
                0x0000000000a2c144                sfc_port_get_sfc_global_conf_base_addr
 .text.sfc_port_get_sfc_bus_regs_base_addr
                0x0000000000a2c14c        0x8 drivers/chips/ws63/porting/sfc/porting/libsfc_port_ws63.a(sfc_porting.c.obj)
                0x0000000000a2c14c                sfc_port_get_sfc_bus_regs_base_addr
 .text.sfc_port_get_sfc_bus_dma_regs_base_addr
                0x0000000000a2c154        0x8 drivers/chips/ws63/porting/sfc/porting/libsfc_port_ws63.a(sfc_porting.c.obj)
                0x0000000000a2c154                sfc_port_get_sfc_bus_dma_regs_base_addr
 .text.sfc_port_get_sfc_cmd_regs_base_addr
                0x0000000000a2c15c        0x8 drivers/chips/ws63/porting/sfc/porting/libsfc_port_ws63.a(sfc_porting.c.obj)
                0x0000000000a2c15c                sfc_port_get_sfc_cmd_regs_base_addr
 .text.sfc_port_get_sfc_cmd_databuf_base_addr
                0x0000000000a2c164        0x8 drivers/chips/ws63/porting/sfc/porting/libsfc_port_ws63.a(sfc_porting.c.obj)
                0x0000000000a2c164                sfc_port_get_sfc_cmd_databuf_base_addr
 .text.sfc_port_get_delay_once_time
                0x0000000000a2c16c        0xa drivers/chips/ws63/porting/sfc/porting/libsfc_port_ws63.a(sfc_porting.c.obj)
                0x0000000000a2c16c                sfc_port_get_delay_once_time
 .text.sfc_port_get_delay_times
                0x0000000000a2c176        0xa drivers/chips/ws63/porting/sfc/porting/libsfc_port_ws63.a(sfc_porting.c.obj)
                0x0000000000a2c176                sfc_port_get_delay_times
 .text.sfc_port_lock_init
                0x0000000000a2c180        0x2 drivers/chips/ws63/porting/sfc/porting/libsfc_port_ws63.a(sfc_porting.c.obj)
                0x0000000000a2c180                sfc_port_lock_init
 .text.sfc_port_lock
                0x0000000000a2c182        0x4 drivers/chips/ws63/porting/sfc/porting/libsfc_port_ws63.a(sfc_porting.c.obj)
                0x0000000000a2c182                sfc_port_lock
 .text.sfc_port_unlock
                0x0000000000a2c186        0x2 drivers/chips/ws63/porting/sfc/porting/libsfc_port_ws63.a(sfc_porting.c.obj)
                0x0000000000a2c186                sfc_port_unlock
 .text.hal_sfc_regs_wait_ready
                0x0000000000a2c188       0x62 drivers/chips/ws63/porting/sfc/porting/libsfc_port_ws63.a(sfc_protect.c.obj)
                0x0000000000a2c188                hal_sfc_regs_wait_ready
 .text.sfc_port_write_sr
                0x0000000000a2c1ea       0x78 drivers/chips/ws63/porting/sfc/porting/libsfc_port_ws63.a(sfc_protect.c.obj)
                0x0000000000a2c1ea                sfc_port_write_sr
 .text.sfc_port_read_sr
                0x0000000000a2c262       0x46 drivers/chips/ws63/porting/sfc/porting/libsfc_port_ws63.a(sfc_protect.c.obj)
                0x0000000000a2c262                sfc_port_read_sr
 .text.sfc_port_write_lock
                0x0000000000a2c2a8       0x32 drivers/chips/ws63/porting/sfc/porting/libsfc_port_ws63.a(sfc_protect.c.obj)
                0x0000000000a2c2a8                sfc_port_write_lock
 .text.sfc_port_write_unlock
                0x0000000000a2c2da       0x1a drivers/chips/ws63/porting/sfc/porting/libsfc_port_ws63.a(sfc_protect.c.obj)
                0x0000000000a2c2da                sfc_port_write_unlock
 .text.sfc_port_fix_sr
                0x0000000000a2c2f4       0x24 drivers/chips/ws63/porting/sfc/porting/libsfc_port_ws63.a(sfc_protect.c.obj)
                0x0000000000a2c2f4                sfc_port_fix_sr
 .text.sfc_port_gd25q32_read_sr
                0x0000000000a2c318       0x82 drivers/chips/ws63/porting/sfc/porting/libsfc_port_ws63.a(sfc_protect_gd25q32.c.obj)
 .text.sfc_port_fix_sr_gd25q32
                0x0000000000a2c39a       0x7e drivers/chips/ws63/porting/sfc/porting/libsfc_port_ws63.a(sfc_protect_gd25q32.c.obj)
                0x0000000000a2c39a                sfc_port_fix_sr_gd25q32
 .text.build_flash_ctrl
                0x0000000000a2c418       0x52 drivers/chips/ws63/porting/sfc/driver/libsfc_boot.a(sfc.c.obj)
 .text.check_opt_param
                0x0000000000a2c46a       0x36 drivers/chips/ws63/porting/sfc/driver/libsfc_boot.a(sfc.c.obj)
 .text.check_init_param
                0x0000000000a2c4a0       0x46 drivers/chips/ws63/porting/sfc/driver/libsfc_boot.a(sfc.c.obj)
 .text.uapi_sfc_init
                0x0000000000a2c4e6       0xaa drivers/chips/ws63/porting/sfc/driver/libsfc_boot.a(sfc.c.obj)
                0x0000000000a2c4e6                uapi_sfc_init
 .text.uapi_sfc_reg_read
                0x0000000000a2c590       0xd4 drivers/chips/ws63/porting/sfc/driver/libsfc_boot.a(sfc.c.obj)
                0x0000000000a2c590                uapi_sfc_reg_read
 .text.uapi_sfc_reg_write
                0x0000000000a2c664       0xfe drivers/chips/ws63/porting/sfc/driver/libsfc_boot.a(sfc.c.obj)
                0x0000000000a2c664                uapi_sfc_reg_write
 .text.uapi_sfc_reg_erase
                0x0000000000a2c762       0xbe drivers/chips/ws63/porting/sfc/driver/libsfc_boot.a(sfc.c.obj)
                0x0000000000a2c762                uapi_sfc_reg_erase
 .text.efuse_read_item.part.1
                0x0000000000a2c820       0x98 drivers/chips/ws63/porting/efuse/libefuse_port.a(efuse_porting.c.obj)
 .text.efuse_port_register_hal_funcs
                0x0000000000a2c8b8        0xc drivers/chips/ws63/porting/efuse/libefuse_port.a(efuse_porting.c.obj)
                0x0000000000a2c8b8                efuse_port_register_hal_funcs
 .text.hal_efuse_get_region
                0x0000000000a2c8c4        0x6 drivers/chips/ws63/porting/efuse/libefuse_port.a(efuse_porting.c.obj)
                0x0000000000a2c8c4                hal_efuse_get_region
 .text.hal_efuse_get_byte_offset
                0x0000000000a2c8ca        0x4 drivers/chips/ws63/porting/efuse/libefuse_port.a(efuse_porting.c.obj)
                0x0000000000a2c8ca                hal_efuse_get_byte_offset
 .text.efuse_read_item
                0x0000000000a2c8ce        0xe drivers/chips/ws63/porting/efuse/libefuse_port.a(efuse_porting.c.obj)
                0x0000000000a2c8ce                efuse_read_item
 .text.set_efuse_period
                0x0000000000a2c8dc       0x16 drivers/chips/ws63/porting/efuse/libefuse_port.a(efuse_porting.c.obj)
                0x0000000000a2c8dc                set_efuse_period
 .text.malloc_port
                0x0000000000a2c8f2        0x4 drivers/chips/ws63/porting/mem/libnonos_malloc_port.a(malloc_porting.c.obj)
 .text.malloc_port_init
                0x0000000000a2c8f6       0x3a drivers/chips/ws63/porting/mem/libnonos_malloc_port.a(malloc_porting.c.obj)
                0x0000000000a2c8f6                malloc_port_init
 .text.reboot_port_reboot_chip
                0x0000000000a2c930       0x22 drivers/chips/ws63/porting/reboot/libreboot_port.a(reboot_porting.c.obj)
                0x0000000000a2c930                reboot_port_reboot_chip
 .text.get_tcxo_freq
                0x0000000000a2c952        0xa drivers/chips/ws63/porting/soc/libsoc_port.a(soc_porting.c.obj)
                0x0000000000a2c952                get_tcxo_freq
 .text.boot_clock_adapt
                0x0000000000a2c95c       0x44 drivers/chips/ws63/porting/soc/libsoc_port.a(soc_porting.c.obj)
                0x0000000000a2c95c                boot_clock_adapt
 .text.switch_flash_clock_to_pll
                0x0000000000a2c9a0       0x2c drivers/chips/ws63/porting/soc/libsoc_port.a(soc_porting.c.obj)
                0x0000000000a2c9a0                switch_flash_clock_to_pll
 .text.config_sfc_ctrl_ds
                0x0000000000a2c9cc       0x66 drivers/chips/ws63/porting/soc/libsoc_port.a(soc_porting.c.obj)
                0x0000000000a2c9cc                config_sfc_ctrl_ds
 .text.serial_putc
                0x0000000000a2ca32       0x20 drivers/chips/ws63/boot/boot_porting/libchip_boot_port.a(serial.c.obj)
                0x0000000000a2ca32                serial_putc
 .text.serial_puts
                0x0000000000a2ca52       0x24 drivers/chips/ws63/boot/boot_porting/libchip_boot_port.a(serial.c.obj)
                0x0000000000a2ca52                serial_puts
 .text.serial_puthex
                0x0000000000a2ca76       0x64 drivers/chips/ws63/boot/boot_porting/libchip_boot_port.a(serial.c.obj)
                0x0000000000a2ca76                serial_puthex
 .text.boot_msg0
                0x0000000000a2cada       0x12 drivers/chips/ws63/boot/boot_porting/libchip_boot_port.a(serial.c.obj)
                0x0000000000a2cada                boot_msg0
 .text.boot_msg1
                0x0000000000a2caec       0x1c drivers/chips/ws63/boot/boot_porting/libchip_boot_port.a(serial.c.obj)
                0x0000000000a2caec                boot_msg1
 .text.boot_msg2
                0x0000000000a2cb08       0x32 drivers/chips/ws63/boot/boot_porting/libchip_boot_port.a(serial.c.obj)
                0x0000000000a2cb08                boot_msg2
 .text.hiburn_uart_init
                0x0000000000a2cb3a       0x7c drivers/chips/ws63/boot/boot_porting/libchip_boot_port.a(serial.c.obj)
                0x0000000000a2cb3a                hiburn_uart_init
 .text.set_reset_count
                0x0000000000a2cbb6       0x14 drivers/chips/ws63/boot/boot_porting/libchip_boot_port.a(reset_porting.c.obj)
                0x0000000000a2cbb6                set_reset_count
 .text.update_reset_count
                0x0000000000a2cbca       0x3a drivers/chips/ws63/boot/boot_porting/libchip_boot_port.a(reset_porting.c.obj)
                0x0000000000a2cbca                update_reset_count
 .text.interrupt0_handler
                0x0000000000a2cc04       0x40 drivers/chips/ws63/libchip_ws63.a(interrupt_handler.c.obj)
                0x0000000000a2cc04                interrupt0_handler
 .text.interrupt1_handler
                0x0000000000a2cc44       0x40 drivers/chips/ws63/libchip_ws63.a(interrupt_handler.c.obj)
                0x0000000000a2cc44                interrupt1_handler
 .text.interrupt2_handler
                0x0000000000a2cc84       0x40 drivers/chips/ws63/libchip_ws63.a(interrupt_handler.c.obj)
                0x0000000000a2cc84                interrupt2_handler
 .text.interrupt3_handler
                0x0000000000a2ccc4       0x40 drivers/chips/ws63/libchip_ws63.a(interrupt_handler.c.obj)
                0x0000000000a2ccc4                interrupt3_handler
 .text.interrupt4_handler
                0x0000000000a2cd04       0x40 drivers/chips/ws63/libchip_ws63.a(interrupt_handler.c.obj)
                0x0000000000a2cd04                interrupt4_handler
 .text.interrupt5_handler
                0x0000000000a2cd44       0x40 drivers/chips/ws63/libchip_ws63.a(interrupt_handler.c.obj)
                0x0000000000a2cd44                interrupt5_handler
 .text.local_interrupt_handler
                0x0000000000a2cd84       0x50 drivers/chips/ws63/libchip_ws63.a(interrupt_handler.c.obj)
                0x0000000000a2cd84                local_interrupt_handler
 .text.interrupt_number_get
                0x0000000000a2cdd4        0xc drivers/chips/ws63/libchip_ws63.a(interrupt_handler.c.obj)
                0x0000000000a2cdd4                interrupt_number_get
 .text.isr_not_implemented
                0x0000000000a2cde0        0x2 drivers/chips/ws63/libchip_ws63.a(vectors.c.obj)
                0x0000000000a2cde0                usb_handler
                0x0000000000a2cde0                pmu_cmu_interrupt_handler
                0x0000000000a2cde0                pmu_sleep_handler
                0x0000000000a2cde0                b_wdt_handler
                0x0000000000a2cde0                i2c_2_handler
                0x0000000000a2cde0                pmu_32k_cali_handler
                0x0000000000a2cde0                hal_timer_isr
                0x0000000000a2cde0                pwm_4_handler
                0x0000000000a2cde0                irq_uarth0_handler
                0x0000000000a2cde0                qspi0_2cs_handler
                0x0000000000a2cde0                pwm_2_handler
                0x0000000000a2cde0                pwm_0_handler
                0x0000000000a2cde0                pmu_wakeup_handler
                0x0000000000a2cde0                spi_m_s_1_handler
                0x0000000000a2cde0                sec_int_handler
                0x0000000000a2cde0                spi_m_handler
                0x0000000000a2cde0                mcu_pclr_lock_handler
                0x0000000000a2cde0                qdec_handler
                0x0000000000a2cde0                eh2h_brg_int_handler
                0x0000000000a2cde0                hal_rtc_timer_isr
                0x0000000000a2cde0                mem_sub_monitor_handler
                0x0000000000a2cde0                spi_m_s_0_handler
                0x0000000000a2cde0                irq_uartl2_handler
                0x0000000000a2cde0                spi3_m_s_handler
                0x0000000000a2cde0                bt_int1_handler
                0x0000000000a2cde0                b_sub_monitor_handler
                0x0000000000a2cde0                pwm_3_handler
                0x0000000000a2cde0                irq_uartl0_handler
                0x0000000000a2cde0                i2c_0_handler
                0x0000000000a2cde0                pwm_1_handler
                0x0000000000a2cde0                pwm_5_handler
                0x0000000000a2cde0                eflash_handler
                0x0000000000a2cde0                irq_dma_handler
                0x0000000000a2cde0                i2c_1_handler
                0x0000000000a2cde0                reserve_handler
                0x0000000000a2cde0                spi4_s_handler
                0x0000000000a2cde0                bt_int0_handler
                0x0000000000a2cde0                irq_shareram_monitor_handler
                0x0000000000a2cde0                key_scan_handler
                0x0000000000a2cde0                irq_tsensor_handler
                0x0000000000a2cde0                irq_sdma_handler
                0x0000000000a2cde0                qspi1_2cs_handler
                0x0000000000a2cde0                irq_gpio_handler
 .text.isr_get_ramexceptiontable_addr
                0x0000000000a2cde2        0x8 drivers/chips/ws63/libchip_ws63.a(vectors.c.obj)
                0x0000000000a2cde2                isr_get_ramexceptiontable_addr
 .text.do_hard_fault_handler
                0x0000000000a2cdea       0x68 middleware/chips/ws63/exception/libdfx_exception.a(exception_riscv.c.obj)
                0x0000000000a2cdea                do_hard_fault_handler
 .text.exc_info_display.part.2
                0x0000000000a2ce52      0x226 middleware/chips/ws63/exception/libdfx_exception.a(exception_riscv.c.obj)
 .text.do_process_exception
                0x0000000000a2d078       0x16 middleware/chips/ws63/exception/libdfx_exception.a(exception_riscv.c.obj)
 .text.do_trap_unknown
                0x0000000000a2d08e       0x16 middleware/chips/ws63/exception/libdfx_exception.a(exception_riscv.c.obj)
                0x0000000000a2d08e                do_trap_unknown
 .text.do_trap_insn_misaligned
                0x0000000000a2d0a4       0x16 middleware/chips/ws63/exception/libdfx_exception.a(exception_riscv.c.obj)
                0x0000000000a2d0a4                do_trap_insn_misaligned
 .text.do_trap_insn_fault
                0x0000000000a2d0ba       0x16 middleware/chips/ws63/exception/libdfx_exception.a(exception_riscv.c.obj)
                0x0000000000a2d0ba                do_trap_insn_fault
 .text.do_trap_insn_illegal
                0x0000000000a2d0d0       0x16 middleware/chips/ws63/exception/libdfx_exception.a(exception_riscv.c.obj)
                0x0000000000a2d0d0                do_trap_insn_illegal
 .text.do_trap_load_misaligned
                0x0000000000a2d0e6       0x16 middleware/chips/ws63/exception/libdfx_exception.a(exception_riscv.c.obj)
                0x0000000000a2d0e6                do_trap_load_misaligned
 .text.do_trap_load_fault
                0x0000000000a2d0fc       0x16 middleware/chips/ws63/exception/libdfx_exception.a(exception_riscv.c.obj)
                0x0000000000a2d0fc                do_trap_load_fault
 .text.do_trap_store_misaligned
                0x0000000000a2d112       0x16 middleware/chips/ws63/exception/libdfx_exception.a(exception_riscv.c.obj)
                0x0000000000a2d112                do_trap_store_misaligned
 .text.do_trap_store_fault
                0x0000000000a2d128       0x16 middleware/chips/ws63/exception/libdfx_exception.a(exception_riscv.c.obj)
                0x0000000000a2d128                do_trap_store_fault
 .text.do_trap_ecall_u
                0x0000000000a2d13e       0x16 middleware/chips/ws63/exception/libdfx_exception.a(exception_riscv.c.obj)
                0x0000000000a2d13e                do_trap_ecall_u
 .text.do_trap_ecall_s
                0x0000000000a2d154       0x16 middleware/chips/ws63/exception/libdfx_exception.a(exception_riscv.c.obj)
                0x0000000000a2d154                do_trap_ecall_s
 .text.do_trap_ecall_m
                0x0000000000a2d16a       0x16 middleware/chips/ws63/exception/libdfx_exception.a(exception_riscv.c.obj)
                0x0000000000a2d16a                do_trap_ecall_m
 .text.do_trap_break
                0x0000000000a2d180       0x16 middleware/chips/ws63/exception/libdfx_exception.a(exception_riscv.c.obj)
                0x0000000000a2d180                do_trap_break
 .text.do_insn_page_fault
                0x0000000000a2d196       0x16 middleware/chips/ws63/exception/libdfx_exception.a(exception_riscv.c.obj)
                0x0000000000a2d196                do_insn_page_fault
 .text.do_load_page_fault
                0x0000000000a2d1ac       0x16 middleware/chips/ws63/exception/libdfx_exception.a(exception_riscv.c.obj)
                0x0000000000a2d1ac                do_load_page_fault
 .text.do_store_page_fault
                0x0000000000a2d1c2       0x16 middleware/chips/ws63/exception/libdfx_exception.a(exception_riscv.c.obj)
                0x0000000000a2d1c2                do_store_page_fault
 .text.do_hard_fault
                0x0000000000a2d1d8       0x16 middleware/chips/ws63/exception/libdfx_exception.a(exception_riscv.c.obj)
                0x0000000000a2d1d8                do_hard_fault
 .text.do_lockup
                0x0000000000a2d1ee       0x16 middleware/chips/ws63/exception/libdfx_exception.a(exception_riscv.c.obj)
                0x0000000000a2d1ee                do_lockup
 .text.default_handler
                0x0000000000a2d204       0x14 middleware/chips/ws63/exception/libdfx_exception.a(exception_riscv.c.obj)
                0x0000000000a2d204                default_handler
 .text.nmi_handler
                0x0000000000a2d218       0x14 middleware/chips/ws63/exception/libdfx_exception.a(exception_riscv.c.obj)
                0x0000000000a2d218                nmi_handler
 .text.partition_get_addr
                0x0000000000a2d22c        0x8 middleware/chips/ws63/partition/libpartition_ws63.a(partition_porting.c.obj)
                0x0000000000a2d22c                partition_get_addr
 .text.partition_get_path_map
                0x0000000000a2d234        0xc middleware/chips/ws63/partition/libpartition_ws63.a(partition_porting.c.obj)
                0x0000000000a2d234                partition_get_path_map
 .text.upg_progress_callbck
                0x0000000000a2d240       0x5e middleware/chips/ws63/update/common/libupdate_common_ws63.a(upg_common_porting.c.obj)
 .text.check_fota_msid
                0x0000000000a2d29e       0x38 middleware/chips/ws63/update/common/libupdate_common_ws63.a(upg_common_porting.c.obj)
 .text.ws63_upg_putc
                0x0000000000a2d2d6        0x4 middleware/chips/ws63/update/common/libupdate_common_ws63.a(upg_common_porting.c.obj)
 .text.upg_free_port
                0x0000000000a2d2da       0x18 middleware/chips/ws63/update/common/libupdate_common_ws63.a(upg_common_porting.c.obj)
 .text.upg_malloc_port
                0x0000000000a2d2f2       0x1c middleware/chips/ws63/update/common/libupdate_common_ws63.a(upg_common_porting.c.obj)
 .text.upg_get_ids_map
                0x0000000000a2d30e        0xc middleware/chips/ws63/update/common/libupdate_common_ws63.a(upg_common_porting.c.obj)
                0x0000000000a2d30e                upg_get_ids_map
 .text.upg_img_in_set
                0x0000000000a2d31a       0x26 middleware/chips/ws63/update/common/libupdate_common_ws63.a(upg_common_porting.c.obj)
                0x0000000000a2d31a                upg_img_in_set
 .text.upg_get_upgrade_flag_flash_start_addr
                0x0000000000a2d340       0x1e middleware/chips/ws63/update/common/libupdate_common_ws63.a(upg_common_porting.c.obj)
                0x0000000000a2d340                upg_get_upgrade_flag_flash_start_addr
 .text.upg_get_progress_status_start_addr
                0x0000000000a2d35e       0x24 middleware/chips/ws63/update/common/libupdate_common_ws63.a(upg_common_porting.c.obj)
                0x0000000000a2d35e                upg_get_progress_status_start_addr
 .text.upg_get_fota_partiton_area_addr
                0x0000000000a2d382       0x1c middleware/chips/ws63/update/common/libupdate_common_ws63.a(upg_common_porting.c.obj)
                0x0000000000a2d382                upg_get_fota_partiton_area_addr
 .text.upg_reboot
                0x0000000000a2d39e       0x10 middleware/chips/ws63/update/common/libupdate_common_ws63.a(upg_common_porting.c.obj)
                0x0000000000a2d39e                upg_reboot
 .text.upg_progress_callback_register
                0x0000000000a2d3ae       0x1c middleware/chips/ws63/update/common/libupdate_common_ws63.a(upg_common_porting.c.obj)
                0x0000000000a2d3ae                upg_progress_callback_register
 .text.upg_watchdog_kick
                0x0000000000a2d3ca        0x4 middleware/chips/ws63/update/common/libupdate_common_ws63.a(upg_common_porting.c.obj)
                0x0000000000a2d3ca                upg_watchdog_kick
 .text.upg_get_flash_base_addr
                0x0000000000a2d3ce        0x6 middleware/chips/ws63/update/common/libupdate_common_ws63.a(upg_common_porting.c.obj)
                0x0000000000a2d3ce                upg_get_flash_base_addr
 .text.upg_get_flash_size
                0x0000000000a2d3d4        0x6 middleware/chips/ws63/update/common/libupdate_common_ws63.a(upg_common_porting.c.obj)
                0x0000000000a2d3d4                upg_get_flash_size
 .text.upg_flash_read
                0x0000000000a2d3da       0x16 middleware/chips/ws63/update/common/libupdate_common_ws63.a(upg_common_porting.c.obj)
                0x0000000000a2d3da                upg_flash_read
 .text.upg_flash_erase
                0x0000000000a2d3f0       0xae middleware/chips/ws63/update/common/libupdate_common_ws63.a(upg_common_porting.c.obj)
                0x0000000000a2d3f0                upg_flash_erase
 .text.upg_flash_write
                0x0000000000a2d49e       0x30 middleware/chips/ws63/update/common/libupdate_common_ws63.a(upg_common_porting.c.obj)
                0x0000000000a2d49e                upg_flash_write
 .text.upg_get_root_public_key
                0x0000000000a2d4ce       0x1e middleware/chips/ws63/update/common/libupdate_common_ws63.a(upg_common_porting.c.obj)
                0x0000000000a2d4ce                upg_get_root_public_key
 .text.upg_check_fota_information
                0x0000000000a2d4ec       0x1e middleware/chips/ws63/update/common/libupdate_common_ws63.a(upg_common_porting.c.obj)
                0x0000000000a2d4ec                upg_check_fota_information
 .text.ws63_upg_init
                0x0000000000a2d50a       0x3e middleware/chips/ws63/update/common/libupdate_common_ws63.a(upg_common_porting.c.obj)
                0x0000000000a2d50a                ws63_upg_init
 .text.upg_erase_whole_image
                0x0000000000a2d548       0x16 middleware/chips/ws63/update/common/libupdate_common_ws63.a(upg_common_porting.c.obj)
                0x0000000000a2d548                upg_erase_whole_image
 .text.upg_cryto_init
                0x0000000000a2d55e      0x10e middleware/chips/ws63/update/local_update/libupdate_local_ws63.a(upg_encry_porting.c.obj)
                0x0000000000a2d55e                upg_cryto_init
 .text.upg_cryto_deinit
                0x0000000000a2d66c       0x30 middleware/chips/ws63/update/local_update/libupdate_local_ws63.a(upg_encry_porting.c.obj)
                0x0000000000a2d66c                upg_cryto_deinit
 .text.upg_process_cryto_info
                0x0000000000a2d69c       0x18 middleware/chips/ws63/update/local_update/libupdate_local_ws63.a(upg_encry_porting.c.obj)
                0x0000000000a2d69c                upg_process_cryto_info
 .text.upg_decry_fota_pkt
                0x0000000000a2d6b4       0x40 middleware/chips/ws63/update/local_update/libupdate_local_ws63.a(upg_encry_porting.c.obj)
                0x0000000000a2d6b4                upg_decry_fota_pkt
 .text.upg_encry_fota_pkt
                0x0000000000a2d6f4       0x40 middleware/chips/ws63/update/local_update/libupdate_local_ws63.a(upg_encry_porting.c.obj)
                0x0000000000a2d6f4                upg_encry_fota_pkt
 .text.mfg_malloc
                0x0000000000a2d734       0x1c middleware/chips/ws63/factory/libfactory_ws63.a(factory.c.obj)
 .text.mfg_free
                0x0000000000a2d750       0x18 middleware/chips/ws63/factory/libfactory_ws63.a(factory.c.obj)
 .text.mfg_flash_read
                0x0000000000a2d768       0x44 middleware/chips/ws63/factory/libfactory_ws63.a(factory.c.obj)
                0x0000000000a2d768                mfg_flash_read
 .text.mfg_flash_write_info
                0x0000000000a2d7ac       0xfc middleware/chips/ws63/factory/libfactory_ws63.a(factory.c.obj)
                0x0000000000a2d7ac                mfg_flash_write_info
 .text.mfg_flash_write
                0x0000000000a2d8a8       0x44 middleware/chips/ws63/factory/libfactory_ws63.a(factory.c.obj)
                0x0000000000a2d8a8                mfg_flash_write
 .text.mfg_get_ftm_run_region
                0x0000000000a2d8ec       0x90 middleware/chips/ws63/factory/libfactory_ws63.a(factory.c.obj)
                0x0000000000a2d8ec                mfg_get_ftm_run_region
 .text.cpu_utils_set_system_status_by_cause
                0x0000000000a2d97c        0x8 utils/dfx/dfx_reboot/cpu_utils/libcpu_utils.a(cpu_utils.c.obj)
                0x0000000000a2d97c                cpu_utils_set_system_status_by_cause
 .text.cpu_utils_reset_chip_with_log
                0x0000000000a2d984       0x16 utils/dfx/dfx_reboot/cpu_utils/libcpu_utils.a(cpu_utils.c.obj)
                0x0000000000a2d984                cpu_utils_reset_chip_with_log
 .text.panic_deal
                0x0000000000a2d99a       0x84 utils/dfx/libdfx_panic.a(panic.c.obj)
                0x0000000000a2d99a                panic_deal
 .text.panic    0x0000000000a2da1e       0x26 utils/dfx/libdfx_panic.a(panic_rom.c.obj)
                0x0000000000a2da1e                panic
 .text.duplicate_preserve_mem
                0x0000000000a2da44       0x18 utils/dfx/libdfx_preserve.a(preserve.c.obj)
 .text.set_cpu_utils_system_boot_magic
                0x0000000000a2da5c       0x50 utils/dfx/libdfx_preserve.a(preserve.c.obj)
                0x0000000000a2da5c                set_cpu_utils_system_boot_magic
 .text.set_cpu_utils_reset_cause
                0x0000000000a2daac       0x12 utils/dfx/libdfx_preserve.a(preserve.c.obj)
                0x0000000000a2daac                set_cpu_utils_reset_cause
 .text.set_update_reset_cause_on_boot
                0x0000000000a2dabe        0xc utils/dfx/libdfx_preserve.a(preserve.c.obj)
                0x0000000000a2dabe                set_update_reset_cause_on_boot
 .text.set_last_panic
                0x0000000000a2daca       0x1c utils/dfx/libdfx_preserve.a(preserve.c.obj)
                0x0000000000a2daca                set_last_panic
 .text.set_exception_info_riscv
                0x0000000000a2dae6       0x1c utils/dfx/libdfx_preserve.a(preserve.c.obj)
                0x0000000000a2dae6                set_exception_info_riscv
 .text.set_exception_info
                0x0000000000a2db02       0x20 utils/dfx/libdfx_preserve.a(preserve.c.obj)
                0x0000000000a2db02                set_exception_info
 .text.set_exception_stack_frame
                0x0000000000a2db22       0x14 utils/dfx/libdfx_preserve.a(preserve.c.obj)
                0x0000000000a2db22                set_exception_stack_frame
 .text.uapi_partition_init
                0x0000000000a2db36       0x7e utils/partition/libpartition.a(partition.c.obj)
                0x0000000000a2db36                uapi_partition_init
 .text.uapi_partition_get_info
                0x0000000000a2dbb4       0x80 utils/partition/libpartition.a(partition.c.obj)
                0x0000000000a2dbb4                uapi_partition_get_info
 .text.upg_malloc
                0x0000000000a2dc34       0x1a utils/update/common/libupdate_common.a(upg_alloc.c.obj)
                0x0000000000a2dc34                upg_malloc
 .text.upg_free
                0x0000000000a2dc4e       0x30 utils/update/common/libupdate_common.a(upg_alloc.c.obj)
                0x0000000000a2dc4e                upg_free
 .text.upg_get_ctx
                0x0000000000a2dc7e        0x8 utils/update/common/libupdate_common.a(upg_common.c.obj)
                0x0000000000a2dc7e                upg_get_ctx
 .text.upg_alloc_and_get_upgrade_flag
                0x0000000000a2dc86       0x62 utils/update/common/libupdate_common.a(upg_common.c.obj)
                0x0000000000a2dc86                upg_alloc_and_get_upgrade_flag
 .text.upg_get_image_info
                0x0000000000a2dce8       0x46 utils/update/common/libupdate_common.a(upg_common.c.obj)
                0x0000000000a2dce8                upg_get_image_info
 .text.upg_read_fota_pkg_data
                0x0000000000a2dd2e       0x4c utils/update/common/libupdate_common.a(upg_common.c.obj)
                0x0000000000a2dd2e                upg_read_fota_pkg_data
 .text.uapi_upg_get_storage_size
                0x0000000000a2dd7a       0x26 utils/update/common/libupdate_common.a(upg_common.c.obj)
                0x0000000000a2dd7a                uapi_upg_get_storage_size
 .text.upg_get_partition_info
                0x0000000000a2dda0       0x4a utils/update/common/libupdate_common.a(upg_common.c.obj)
                0x0000000000a2dda0                upg_get_partition_info
 .text.upg_get_package_header
                0x0000000000a2ddea       0x22 utils/update/common/libupdate_common.a(upg_common.c.obj)
                0x0000000000a2ddea                upg_get_package_header
 .text.upg_get_pkg_image_hash_table
                0x0000000000a2de0c       0x34 utils/update/common/libupdate_common.a(upg_common.c.obj)
                0x0000000000a2de0c                upg_get_pkg_image_hash_table
 .text.upg_get_pkg_image_header
                0x0000000000a2de40       0x2e utils/update/common/libupdate_common.a(upg_common.c.obj)
                0x0000000000a2de40                upg_get_pkg_image_header
 .text.upg_get_pkg_image_data
                0x0000000000a2de6e       0x66 utils/update/common/libupdate_common.a(upg_common.c.obj)
                0x0000000000a2de6e                upg_get_pkg_image_data
 .text.upg_copy_pkg_image_data
                0x0000000000a2ded4       0x44 utils/update/common/libupdate_common.a(upg_common.c.obj)
                0x0000000000a2ded4                upg_copy_pkg_image_data
 .text.upg_set_firmware_update_status
                0x0000000000a2df18       0xf2 utils/update/common/libupdate_common.a(upg_common.c.obj)
                0x0000000000a2df18                upg_set_firmware_update_status
 .text.upg_get_image_update_status
                0x0000000000a2e00a       0x7a utils/update/common/libupdate_common.a(upg_common.c.obj)
                0x0000000000a2e00a                upg_get_image_update_status
 .text.upg_flash_erase_metadata_pages
                0x0000000000a2e084        0x4 utils/update/common/libupdate_common.a(upg_common.c.obj)
                0x0000000000a2e084                upg_flash_erase_metadata_pages
 .text.upg_set_temporary_result
                0x0000000000a2e088        0xa utils/update/common/libupdate_common.a(upg_common.c.obj)
                0x0000000000a2e088                upg_set_temporary_result
 .text.upg_set_update_result
                0x0000000000a2e092       0x20 utils/update/common/libupdate_common.a(upg_common.c.obj)
                0x0000000000a2e092                upg_set_update_result
 .text.upg_check_image_update_complete
                0x0000000000a2e0b2       0x40 utils/update/common/libupdate_common.a(upg_common.c.obj)
                0x0000000000a2e0b2                upg_check_image_update_complete
 .text.upg_set_complete_flag
                0x0000000000a2e0f2       0xb8 utils/update/common/libupdate_common.a(upg_common.c.obj)
                0x0000000000a2e0f2                upg_set_complete_flag
 .text.upg_get_func_list
                0x0000000000a2e1aa        0xa utils/update/common/libupdate_common.a(upg_common.c.obj)
                0x0000000000a2e1aa                upg_get_func_list
 .text.upg_is_inited
                0x0000000000a2e1b4        0xa utils/update/common/libupdate_common.a(upg_common.c.obj)
                0x0000000000a2e1b4                upg_is_inited
 .text.uapi_upg_init
                0x0000000000a2e1be       0x9c utils/update/common/libupdate_common.a(upg_common.c.obj)
                0x0000000000a2e1be                uapi_upg_init
 .text.hash_operation.isra.1.constprop.11
                0x0000000000a2e25a       0x20 utils/update/common/libupdate_common.a(upg_verify.c.obj)
 .text.verify_hash_cmp
                0x0000000000a2e27a       0x1a utils/update/common/libupdate_common.a(upg_verify.c.obj)
                0x0000000000a2e27a                verify_hash_cmp
 .text.upg_verify_hash
                0x0000000000a2e294       0x54 utils/update/common/libupdate_common.a(upg_verify.c.obj)
 .text.secure_authenticate
                0x0000000000a2e2e8       0x8c utils/update/common/libupdate_common.a(upg_verify.c.obj)
                0x0000000000a2e2e8                secure_authenticate
 .text.verify_fota_info.isra.4
                0x0000000000a2e374       0x4e utils/update/common/libupdate_common.a(upg_verify.c.obj)
 .text.uapi_upg_verify_file_head
                0x0000000000a2e3c2       0xda utils/update/common/libupdate_common.a(upg_verify.c.obj)
                0x0000000000a2e3c2                uapi_upg_verify_file_head
 .text.uapi_upg_verify_file_image
                0x0000000000a2e49c       0x8c utils/update/common/libupdate_common.a(upg_verify.c.obj)
                0x0000000000a2e49c                uapi_upg_verify_file_image
 .text.uapi_upg_verify_file
                0x0000000000a2e528       0xd2 utils/update/common/libupdate_common.a(upg_verify.c.obj)
                0x0000000000a2e528                uapi_upg_verify_file
 .text.uapi_upg_reset_upgrade_flag
                0x0000000000a2e5fa       0x76 utils/update/storage/libupdate_storage.a(upg_storage.c.obj)
                0x0000000000a2e5fa                uapi_upg_reset_upgrade_flag
 .text.uapi_upg_request_upgrade
                0x0000000000a2e670      0x102 utils/update/storage/libupdate_storage.a(upg_storage.c.obj)
                0x0000000000a2e670                uapi_upg_request_upgrade
 .text.upg_encry_and_write_pkt
                0x0000000000a2e772       0xa0 utils/update/local_update/libupdate_local.a(upg_encry.c.obj)
                0x0000000000a2e772                upg_encry_and_write_pkt
 .text.upg_lzma_alloc
                0x0000000000a2e812       0x1e utils/update/local_update/libupdate_local.a(upg_lzmadec.c.obj)
 .text.upg_lzma_free
                0x0000000000a2e830        0xa utils/update/local_update/libupdate_local.a(upg_lzmadec.c.obj)
 .text.upg_lzma_init_buf
                0x0000000000a2e83a       0x3c utils/update/local_update/libupdate_local.a(upg_lzmadec.c.obj)
                0x0000000000a2e83a                upg_lzma_init_buf
 .text.upg_lzma_init
                0x0000000000a2e876       0xa2 utils/update/local_update/libupdate_local.a(upg_lzmadec.c.obj)
                0x0000000000a2e876                upg_lzma_init
 .text.upg_lzma_deinit
                0x0000000000a2e918       0x44 utils/update/local_update/libupdate_local.a(upg_lzmadec.c.obj)
                0x0000000000a2e918                upg_lzma_deinit
 .text.upg_lzma_write_image
                0x0000000000a2e95c       0x48 utils/update/local_update/libupdate_local.a(upg_lzmadec.c.obj)
                0x0000000000a2e95c                upg_lzma_write_image
 .text.upg_lzma_decode_to_midbuf
                0x0000000000a2e9a4       0xbc utils/update/local_update/libupdate_local.a(upg_lzmadec.c.obj)
                0x0000000000a2e9a4                upg_lzma_decode_to_midbuf
 .text.upg_lzma_decode
                0x0000000000a2ea60       0x7c utils/update/local_update/libupdate_local.a(upg_lzmadec.c.obj)
                0x0000000000a2ea60                upg_lzma_decode
 .text.upg_check_first_entry
                0x0000000000a2eadc       0x3e utils/update/local_update/libupdate_local.a(upg_process.c.obj)
                0x0000000000a2eadc                upg_check_first_entry
 .text.uapi_upg_start
                0x0000000000a2eb1a      0x3f6 utils/update/local_update/libupdate_local.a(upg_process.c.obj)
                0x0000000000a2eb1a                uapi_upg_start
 .text.uapi_upg_register_progress_callback
                0x0000000000a2ef10        0xe utils/update/local_update/libupdate_local.a(upg_process.c.obj)
                0x0000000000a2ef10                uapi_upg_register_progress_callback
 .text.upg_calculate_and_notify_process
                0x0000000000a2ef1e       0x42 utils/update/local_update/libupdate_local.a(upg_process.c.obj)
                0x0000000000a2ef1e                upg_calculate_and_notify_process
 .text.upg_write_new_image_data
                0x0000000000a2ef60       0x52 utils/update/local_update/libupdate_local.a(upg_process.c.obj)
                0x0000000000a2ef60                upg_write_new_image_data
 .text.uapi_upg_lzma_ota_image
                0x0000000000a2efb2       0x88 utils/update/local_update/libupdate_local.a(upg_upgrade.c.obj)
                0x0000000000a2efb2                uapi_upg_lzma_ota_image
 .text.uapi_upg_compress_image_update
                0x0000000000a2f03a       0x6a utils/update/local_update/libupdate_local.a(upg_upgrade.c.obj)
                0x0000000000a2f03a                uapi_upg_compress_image_update
 .text.uapi_upg_diff_image_update
                0x0000000000a2f0a4        0x8 utils/update/local_update/libupdate_local.a(upg_upgrade.c.obj)
                0x0000000000a2f0a4                uapi_upg_diff_image_update
 .text.uapi_upg_full_image_update
                0x0000000000a2f0ac       0x9e utils/update/local_update/libupdate_local.a(upg_upgrade.c.obj)
                0x0000000000a2f0ac                uapi_upg_full_image_update
 .text.LzmaDec_TryDummy
                0x0000000000a2f14a      0x458 open_source/7-zip-lzma-sdk/liblzma_22.00.a(LzmaDec.c.obj)
 .text.LzmaDec_DecodeReal2
                0x0000000000a2f5a2      0xec0 open_source/7-zip-lzma-sdk/liblzma_22.00.a(LzmaDec.c.obj)
 .text.LzmaDec_Init
                0x0000000000a30462       0x18 open_source/7-zip-lzma-sdk/liblzma_22.00.a(LzmaDec.c.obj)
                0x0000000000a30462                LzmaDec_Init
 .text.LzmaDec_DecodeToDic
                0x0000000000a3047a      0x32e open_source/7-zip-lzma-sdk/liblzma_22.00.a(LzmaDec.c.obj)
                0x0000000000a3047a                LzmaDec_DecodeToDic
 .text.LzmaDec_DecodeToBuf
                0x0000000000a307a8       0x94 open_source/7-zip-lzma-sdk/liblzma_22.00.a(LzmaDec.c.obj)
                0x0000000000a307a8                LzmaDec_DecodeToBuf
 .text.LzmaDec_FreeProbs
                0x0000000000a3083c       0x12 open_source/7-zip-lzma-sdk/liblzma_22.00.a(LzmaDec.c.obj)
                0x0000000000a3083c                LzmaDec_FreeProbs
 .text.LzmaDec_AllocateProbs2.isra.2
                0x0000000000a3084e       0x4c open_source/7-zip-lzma-sdk/liblzma_22.00.a(LzmaDec.c.obj)
 .text.LzmaProps_Decode
                0x0000000000a3089a       0x4e open_source/7-zip-lzma-sdk/liblzma_22.00.a(LzmaDec.c.obj)
                0x0000000000a3089a                LzmaProps_Decode
 .text.LzmaDec_AllocateProbs
                0x0000000000a308e8       0x2a open_source/7-zip-lzma-sdk/liblzma_22.00.a(LzmaDec.c.obj)
                0x0000000000a308e8                LzmaDec_AllocateProbs
 .text.SecMemcpyError
                0x0000000000a30912       0x5e open_source/libboundscheck/liblibboundscheck.a(memcpy_s.c.obj)
 .text.memcpy_s
                0x0000000000a30970       0x38 open_source/libboundscheck/liblibboundscheck.a(memcpy_s.c.obj)
                0x0000000000a30970                memcpy_s
 .text.memmove_s
                0x0000000000a309a8       0x44 open_source/libboundscheck/liblibboundscheck.a(memmove_s.c.obj)
                0x0000000000a309a8                memmove_s
 .text.memset_s
                0x0000000000a309ec       0x42 open_source/libboundscheck/liblibboundscheck.a(memset_s.c.obj)
                0x0000000000a309ec                memset_s
 .text.SecWriteMultiChar
                0x0000000000a30a2e       0x2c open_source/libboundscheck/liblibboundscheck.a(secureprintoutput_a.c.obj)
 .text.SecOutput
                0x0000000000a30a5a      0x892 open_source/libboundscheck/liblibboundscheck.a(secureprintoutput_a.c.obj)
 .text.SecVsnprintfImpl
                0x0000000000a312ec       0x42 open_source/libboundscheck/liblibboundscheck.a(secureprintoutput_a.c.obj)
                0x0000000000a312ec                SecVsnprintfImpl
 .text.vsnprintf_s
                0x0000000000a3132e       0x50 open_source/libboundscheck/liblibboundscheck.a(vsnprintf_s.c.obj)
                0x0000000000a3132e                vsnprintf_s
 *(.rodata)
 *fill*         0x0000000000a3137e        0x2 
 .rodata        0x0000000000a31380        0xc hal/sfc/libhal_sfc.a(hal_sfc_v150.c.obj)
 *fill*         0x0000000000a3138c        0x4 
 .rodata        0x0000000000a31390      0x886 drivers/chips/ws63/libchip_ws63.a(vectors.s.obj)
                0x0000000000a313e0                trap_entry
                0x0000000000a314dc                trap_vector
                0x0000000000a3167c                nmi_vector
                0x0000000000a31bf8                global_interrupt_lock
                0x0000000000a31c04                global_interrupt_unlock
                0x0000000000a31c10                global_interrupt_restore
 *fill*         0x0000000000a31c16        0x2 
 .rodata        0x0000000000a31c18        0x3 utils/update/common/libupdate_common.a(upg_common.c.obj)
 *fill*         0x0000000000a31c1b        0x1 
 .rodata        0x0000000000a31c1c        0x3 utils/update/local_update/libupdate_local.a(upg_process.c.obj)
 *fill*         0x0000000000a31c1f        0x1 
 .rodata        0x0000000000a31c20      0x100 c:/users/lmj-m/documents/hi3863-main/tools/bin/compiler/riscv/cc_riscv32_musl_100/cc_riscv32_musl_win/bin/../lib/gcc/riscv32-linux-musl/7.3.0\libgcc.a(_clz.o)
                0x0000000000a31c20                __clz_tab
 *(.rodata*)
 .rodata.sfc_cfg
                0x0000000000a31d20        0xc bootloader/flashboot_ws63/libflashboot_common.a(main.c.obj)
                0x0000000000a31d20                sfc_cfg
 .rodata.start_fastboot.str1.4
                0x0000000000a31d2c      0x40e bootloader/flashboot_ws63/libflashboot_common.a(main.c.obj)
 *fill*         0x0000000000a3213a        0x2 
 .rodata.check_die_id.constprop.3.str1.4
                0x0000000000a3213c       0x34 bootloader/flashboot_ws63/libflashboot_common.a(secure_verify_boot.c.obj)
 .rodata.check_image_id.str1.4
                0x0000000000a32170       0x10 bootloader/flashboot_ws63/libflashboot_common.a(secure_verify_boot.c.obj)
 .rodata.check_msid.str1.4
                0x0000000000a32180       0x33 bootloader/flashboot_ws63/libflashboot_common.a(secure_verify_boot.c.obj)
 *fill*         0x0000000000a321b3        0x1 
 .rodata.check_verify_enable.str1.4
                0x0000000000a321b4       0x24 bootloader/flashboot_ws63/libflashboot_common.a(secure_verify_boot.c.obj)
 .rodata.check_version.str1.4
                0x0000000000a321d8       0x16 bootloader/flashboot_ws63/libflashboot_common.a(secure_verify_boot.c.obj)
 *fill*         0x0000000000a321ee        0x2 
 .rodata.g_verify_table
                0x0000000000a321f0       0xa8 bootloader/flashboot_ws63/libflashboot_common.a(secure_verify_boot.c.obj)
 .rodata.secure_authenticate.constprop.2.str1.4
                0x0000000000a32298       0x6b bootloader/flashboot_ws63/libflashboot_common.a(secure_verify_boot.c.obj)
 *fill*         0x0000000000a32303        0x1 
 .rodata.verify_image_body.str1.4
                0x0000000000a32304       0x79 bootloader/flashboot_ws63/libflashboot_common.a(secure_verify_boot.c.obj)
 *fill*         0x0000000000a3237d        0x3 
 .rodata.verify_image_head.str1.4
                0x0000000000a32380      0x28d bootloader/flashboot_ws63/libflashboot_common.a(secure_verify_boot.c.obj)
 *fill*         0x0000000000a3260d        0x3 
 .rodata.g_sha256_ival
                0x0000000000a32610       0x20 driver/security_unified/libdrv_security_unified.a(hash_romable.c.obj)
 .rodata.g_sm3_ival
                0x0000000000a32630       0x20 driver/security_unified/libdrv_security_unified.a(hash_romable.c.obj)
 .rodata.uart_evt_callback
                0x0000000000a32650       0x14 driver/uart/libuart.a(uart.c.obj)
 .rodata.hal_uart_enable_interrupt
                0x0000000000a32664       0x38 hal/uart/libhal_uart.a(hal_uart_v151.c.obj)
 .rodata.CSWTCH.7
                0x0000000000a3269c        0x3 hal/uart/libhal_uart.a(hal_uart_v151.c.obj)
 *fill*         0x0000000000a3269f        0x1 
 .rodata.g_hal_uart_ctrl_func_array
                0x0000000000a326a0       0x54 hal/uart/libhal_uart.a(hal_uart_v151.c.obj)
 .rodata.g_uart_base_addrs
                0x0000000000a326f4        0xc drivers/chips/ws63/porting/uart/libuart_port.a(uart_porting.c.obj)
                0x0000000000a326f4                g_uart_base_addrs
 .rodata.g_default_erase_cmds
                0x0000000000a32700        0xc drivers/chips/ws63/porting/sfc/flash_config/libsfc_flash_config_ws63.a(flash_config_info.c.obj)
 .rodata.g_default_quad_enable
                0x0000000000a3270c        0x6 drivers/chips/ws63/porting/sfc/flash_config/libsfc_flash_config_ws63.a(flash_config_info.c.obj)
 *fill*         0x0000000000a32712        0x2 
 .rodata.g_default_read_cmds
                0x0000000000a32714        0x4 drivers/chips/ws63/porting/sfc/flash_config/libsfc_flash_config_ws63.a(flash_config_info.c.obj)
 .rodata.g_default_write_cmds
                0x0000000000a32718        0x8 drivers/chips/ws63/porting/sfc/flash_config/libsfc_flash_config_ws63.a(flash_config_info.c.obj)
 .rodata.g_flash_common_erase_cmds
                0x0000000000a32720       0x10 drivers/chips/ws63/porting/sfc/flash_config/libsfc_flash_config_ws63.a(flash_config_info.c.obj)
 .rodata.g_flash_common_read_cmds
                0x0000000000a32730       0x18 drivers/chips/ws63/porting/sfc/flash_config/libsfc_flash_config_ws63.a(flash_config_info.c.obj)
 .rodata.g_flash_common_write_cmds
                0x0000000000a32748       0x18 drivers/chips/ws63/porting/sfc/flash_config/libsfc_flash_config_ws63.a(flash_config_info.c.obj)
 .rodata.g_flash_gd_bus_enable
                0x0000000000a32760       0x12 drivers/chips/ws63/porting/sfc/flash_config/libsfc_flash_config_ws63.a(flash_config_info.c.obj)
 *fill*         0x0000000000a32772        0x2 
 .rodata.g_flash_spi_info_list
                0x0000000000a32774       0x1c drivers/chips/ws63/porting/sfc/flash_config/libsfc_flash_config_ws63.a(flash_config_info.c.obj)
 .rodata.g_flash_spi_unknown_info
                0x0000000000a32790       0x1c drivers/chips/ws63/porting/sfc/flash_config/libsfc_flash_config_ws63.a(flash_config_info.c.obj)
 .rodata.sfc_port_fix_sr_gd25q32.str1.4
                0x0000000000a327ac       0x25 drivers/chips/ws63/porting/sfc/porting/libsfc_port_ws63.a(sfc_protect_gd25q32.c.obj)